==============================================
TEST (bubbleSort_alreadySorted2):

printInts=0
printWords=0
bubbleSort=1
printInts_howToFindLen=0
intsArray=[435876121, 570472963, 591216175, 621461165, 652916881, 666931422, 757687404, 841209085, 969888818, 1168942418, 1206688271, 1293363846, 1305984651, 1358382464, 1443015087, 1821081477, 1834223129, 1887672994, 1944694260, 1958510413]
intsArray_len=20
theString="DO NOT TOUCH!"

==============================================


+-------------------------------+
|    Testcase Variable Dump:    |
+-------------------------------+

[435876121, 570472963, 591216175, 621461165, 652916881, 666931422, 757687404, 841209085, 969888818, 1168942418, 1206688271, 1293363846, 1305984651, 1358382464, 1443015087, 1821081477, 1834223129, 1887672994, 1944694260, 1958510413]
DO NOT TOUCH!
