printWords: There were 4 words.
owathoit
aowthew
atiohe
the
