==============================================
TEST (printWords_extra0):

printInts=0
printWords=1
bubbleSort=0
printInts_howToFindLen=0
intsArray=[]
intsArray_len=0
theString="This is a test string with multiple words!"

==============================================

printWords: There were 8 words.
words!
multiple
with
string
test
a
is
This

+-------------------------------+
|    Testcase Variable Dump:    |
+-------------------------------+

[]
This
