==============================================
TEST (bubbleSort_alreadySorted1):

printInts=0
printWords=0
bubbleSort=1
printInts_howToFindLen=0
intsArray=[2, 11, 12, 13, 17, 25, 33, 126, 141, 157, 169, 171, 185, 248, 276, 277, 308, 332, 333, 341, 347, 362, 374, 379, 424, 457, 467, 474, 475, 504, 506, 524, 549, 551, 583, 589, 592, 610, 613, 617, 620, 651, 651, 669, 727, 750, 765, 765, 776, 814, 815, 823, 826, 834, 854, 865, 891, 900, 938, 939, 940, 944, 953, 985, 1025, 1032, 1033, 1034, 1057, 1068, 1077, 1083, 1084, 1092, 1099, 1132, 1140, 1154, 1165, 1199, 1204, 1206, 1209, 1226, 1240, 1264, 1269, 1282, 1305, 1310, 1333, 1338, 1355, 1370, 1410, 1458, 1482, 1488, 1491, 1496, 1496, 1535, 1548, 1548, 1591, 1614, 1614, 1616, 1633, 1664, 1665, 1666, 1674, 1683, 1688, 1695, 1696, 1708, 1714, 1719, 1735, 1759, 1760, 1763, 1785, 1790, 1791, 1792, 1794, 1795, 1835, 1867, 1896, 1921, 1931, 1932, 1935, 1938, 1938, 1962, 1963, 1984, 1987, 2035, 2037, 2040, 2052, 2090, 2139, 2150, 2166, 2213, 2231, 2263, 2274, 2320, 2331, 2358, 2371, 2420, 2429, 2430, 2462, 2474, 2502, 2510, 2569, 2572, 2575, 2596, 2601, 2619, 2628, 2663, 2669, 2705, 2738,
intsArray_len=1000
theString="DO NOT TOUCH!"

==============================================


+-------------------------------+
|    Testcase Variable Dump:    |
+-------------------------------+

[2, 11, 12, 13, 17, 25, 33, 126, 141, 157, 169, 171, 185, 248, 276, 277, 308, 332, 333, 341, 347, 362, 374, 379, 424, 457, 467, 474, 475, 504, 506, 524, 549, 551, 583, 589, 592, 610, 613, 617, 620, 651, 651, 669, 727, 750, 765, 765, 776, 814, 815, 823, 826, 834, 854, 865, 891, 900, 938, 939, 940, 944, 953, 985, 1025, 1032, 1033, 1034, 1057, 1068, 1077, 1083, 1084, 1092, 1099, 1132, 1140, 1154, 1165, 1199, 1204, 1206, 1209, 1226, 1240, 1264, 1269, 1282, 1305, 1310, 1333, 1338, 1355, 1370, 1410, 1458, 1482, 1488, 1491, 1496, 1496, 1535, 1548, 1548, 1591, 1614, 1614, 1616, 1633, 1664, 1665, 1666, 1674, 1683, 1688, 1695, 1696, 1708, 1714, 1719, 1735, 1759, 1760, 1763, 1785, 1790, 1791, 1792, 1794, 1795, 1835, 1867, 1896, 1921, 1931, 1932, 1935, 1938, 1938, 1962, 1963, 1984, 1987, 2035, 2037, 2040, 2052, 2090, 2139, 2150, 2166, 2213, 2231, 2263, 2274, 2320, 2331, 2358, 2371, 2420, 2429, 2430, 2462, 2474, 2502, 2510, 2569, 2572, 2575, 2596, 2601, 2619, 2628, 2663, 2669, 2705, 2738, 2743, 275
DO NOT TOUCH!
