==============================================
TEST (bubbleSort_extra0):

printInts=0
printWords=0
bubbleSort=1
printInts_howToFindLen=0
intsArray=[45, 78, -23, 11, 69, 45, 8]
intsArray_len=7
theString="DO NOT TOUCH!"

==============================================

Swap at: 1
Swap at: 2
Swap at: 3
Swap at: 4
Swap at: 5
Swap at: 0
Swap at: 1
Swap at: 3
Swap at: 4
Swap at: 3
Swap at: 2
Swap at: 1

+-------------------------------+
|    Testcase Variable Dump:    |
+-------------------------------+

[-23, 8, 11, 45, 45, 69, 78]
DO NOT TOUCH!
