==============================================
TEST (bubbleSort_withDups0_mode1):

printInts=1
printWords=0
bubbleSort=1
printInts_howToFindLen=1
intsArray=[-5, 43, -5, 99, -5, 65, 20, 17, 34, -8]
intsArray_len=10
theString="DO NOT TOUCH!"

==============================================

printInts: About to print 10 elements.
-5
43
-5
99
-5
65
20
17
34
-8
Swap at: 1
Swap at: 3
Swap at: 4
Swap at: 5
Swap at: 6
Swap at: 7
Swap at: 8
Swap at: 2
Swap at: 4
Swap at: 5
Swap at: 6
Swap at: 7
Swap at: 3
Swap at: 4
Swap at: 5
Swap at: 6
Swap at: 3
Swap at: 5
Swap at: 4
Swap at: 3
Swap at: 2
Swap at: 1
Swap at: 0

+-------------------------------+
|    Testcase Variable Dump:    |
+-------------------------------+

[-8, -5, -5, -5, 17, 20, 34, 43, 65, 99]
DO NOT TOUCH!
