==============================================
TEST (bubbleSort_partial2):

printInts=0
printWords=0
bubbleSort=1
printInts_howToFindLen=0
intsArray=[4, 3, 2, 1]
intsArray_len=3
theString="Hello World"

==============================================

Swap at: 0
Swap at: 1
Swap at: 0

+-------------------------------+
|    Testcase Variable Dump:    |
+-------------------------------+

[2, 3, 4, 1]
Hello World
