==============================================
TEST (printInts_mode2_extra0):

printInts=1
printWords=0
bubbleSort=0
printInts_howToFindLen=2
intsArray=[0, 250064237, 30892243, 959304652, 512572482, 2118271969, 1016678160, 1317566893, 674399148, 799272072, 1905705640, 2109373275, 1070639658, 366587850, 473046745, 1856047470, 82368921, 1291897740, 1436384925, 1357294826, 1262712643, 1892966220, 1146573705, 915406652, 775702378, 1449422149, 1581635953, 584979512, 2058147124, 862514932, 374550479, 1552626239, 518261742, 1656327383, 1278494290, 374269203, 606742234, 198292422, 1393790562, 618114156, 1622503121, 1372932820, 1518239913, 1403160296, 747549517, 2091716611, 693343105, 660163528, 993075223, 929719078, 15657400, 895256660, 1871550111, 300178008, 1934277139, 333341635, 792502946, 417625119, 972636138, 1876995683, 1049906963, 508676245, 1501071746, 2137491020, 1765150455, 887869956, 1222542121, 553840302, 28569481, 147259276, 1304443204, 2041926045, 237650862, 1687265058, 2097360674, 192284581, 599526429, 1284447368, 398023780, 363478788, 808092134, 428895803, 925371707, 1922896759, 448751250, 1736414312, 768604231, 1934
intsArray_len=2147483647
theString="DO NOT TOUCH!"

==============================================

printInts: About to print an unknown number of elements.  Will stop at a zero element.

+-------------------------------+
|    Testcase Variable Dump:    |
+-------------------------------+

[0, 250064237, 30892243, 959304652, 512572482, 2118271969, 1016678160, 1317566893, 674399148, 799272072, 1905705640, 2109373275, 1070639658, 366587850, 473046745, 1856047470, 82368921, 1291897740, 1436384925, 1357294826, 1262712643, 1892966220, 1146573705, 915406652, 775702378, 1449422149, 1581635953, 584979512, 2058147124, 862514932, 374550479, 1552626239, 518261742, 1656327383, 1278494290, 374269203, 606742234, 198292422, 1393790562, 618114156, 1622503121, 1372932820, 1518239913, 1403160296, 747549517, 2091716611, 693343105, 660163528, 993075223, 929719078, 15657400, 895256660, 1871550111, 300178008, 1934277139, 333341635, 792502946, 417625119, 972636138, 1876995683, 1049906963, 508676245, 1501071746, 2137491020, 1765150455, 887869956, 1222542121, 553840302, 28569481, 147259276, 1304443204, 2041926045, 237650862, 1687265058, 2097360674, 192284581, 599526429, 1284447368, 398023780, 363478788, 808092134, 428895803, 925371707, 1922896759, 448751250, 1736414312, 768604231, 1934668709, 70
DO NOT TOUCH!
