==============================================
TEST (bubbleSort_extra1.s):

printInts=1
printWords=0
bubbleSort=1
printInts_howToFindLen=1
intsArray=[-29595, 29769, 124, -14280, 6964, 30314, 14673, 14415, -6610, -3587, -12365, -12691, -21071, 20058, 28579, -16640, -21246, 4221, -7307, 13537, 26477, 6509, -11893, 28165, -14691, -22357, -21512, 29235, 6218, -5920, 17657, 17029, -285, -20608, -17252, 27217, 10077, -6299, 26476, -28029, 31526, -13262, -20131, -11735, -5842, -4452, -454, -12497, -11537, 2693, 26406, 31636, -19511, 20918, -1684, -23737, -20670, -3002, 28697, 9939, -31782, -20041, 241, -13448, 6706, -9703, -6320, 15579, -3019, -3961, -2898, -4578, 27533, -28994, 7801, -696, 19512, -20689, -19532, -21628, -17514, -8850, -3806, 1994, -24660, 17126, 3259, -11679, 11260, 30728, -32027, -9266, 10403, -4679, 15635, -9729, 3984, 29768, 284, 0, 5485]
intsArray_len=101
theString="DO NOT TOUCH!"

==============================================

printInts: About to print 101 elements.
-29595
29769
124
-14280
6964
30314
14673
14415
-6610
-3587
-12365
-12691
-21071
20058
28579
-16640
-21246
4221
-7307
13537
26477
6509
-11893
28165
-14691
-22357
-21512
29235
6218
-5920
17657
17029
-285
-20608
-17252
27217
10077
-6299
26476
-28029
31526
-13262
-20131
-11735
-5842
-4452
-454
-12497
-11537
2693
26406
31636
-19511
20918
-1684
-23737
-20670
-3002
28697
9939
-31782
-20041
241
-13448
6706
-9703
-6320
15579
-3019
-3961
-2898
-4578
27533
-28994
7801
-696
19512
-20689
-19532
-21628
-17514
-8850
-3806
1994
-24660
17126
3259
-11679
11260
30728
-32027
-9266
10403
-4679
15635
-9729
3984
29768
284
0
5485
Swap at: 1
Swap at: 2
Swap at: 3
Swap at: 5
Swap at: 6
Swap at: 7
Swap at: 8
Swap at: 9
Swap at: 10
Swap at: 11
Swap at: 12
Swap at: 13
Swap at: 14
Swap at: 15
Swap at: 16
Swap at: 17
Swap at: 18
Swap at: 19
Swap at: 20
Swap at: 21
Swap at: 22
Swap at: 23
Swap at: 24
Swap at: 25
Swap at: 26
Swap at: 27
Swap at: 28
Swap at: 29
Swap at: 30
Swap at: 31
Swap at: 32
Swap at: 33
Swap at: 34
Swap at: 35
Swap at: 36
Swap at: 37
Swap at: 38
Swap at: 40
Swap at: 41
Swap at: 42
Swap at: 43
Swap at: 44
Swap at: 45
Swap at: 46
Swap at: 47
Swap at: 48
Swap at: 49
Swap at: 51
Swap at: 52
Swap at: 53
Swap at: 54
Swap at: 55
Swap at: 56
Swap at: 57
Swap at: 58
Swap at: 59
Swap at: 60
Swap at: 61
Swap at: 62
Swap at: 63
Swap at: 64
Swap at: 65
Swap at: 66
Swap at: 67
Swap at: 68
Swap at: 69
Swap at: 70
Swap at: 71
Swap at: 72
Swap at: 73
Swap at: 74
Swap at: 75
Swap at: 76
Swap at: 77
Swap at: 78
Swap at: 79
Swap at: 80
Swap at: 81
Swap at: 82
Swap at: 83
Swap at: 84
Swap at: 85
Swap at: 86
Swap at: 87
Swap at: 88
Swap at: 89
Swap at: 90
Swap at: 91
Swap at: 92
Swap at: 93
Swap at: 94
Swap at: 95
Swap at: 96
Swap at: 97
Swap at: 98
Swap at: 99
Swap at: 1
Swap at: 4
Swap at: 5
Swap at: 6
Swap at: 7
Swap at: 8
Swap at: 9
Swap at: 10
Swap at: 11
Swap at: 12
Swap at: 13
Swap at: 14
Swap at: 15
Swap at: 16
Swap at: 17
Swap at: 18
Swap at: 19
Swap at: 20
Swap at: 21
Swap at: 22
Swap at: 23
Swap at: 24
Swap at: 25
Swap at: 26
Swap at: 27
Swap at: 28
Swap at: 29
Swap at: 30
Swap at: 31
Swap at: 32
Swap at: 33
Swap at: 34
Swap at: 35
Swap at: 36
Swap at: 37
Swap at: 39
Swap at: 40
Swap at: 41
Swap at: 42
Swap at: 43
Swap at: 44
Swap at: 45
Swap at: 46
Swap at: 47
Swap at: 48
Swap at: 50
Swap at: 51
Swap at: 52
Swap at: 53
Swap at: 54
Swap at: 55
Swap at: 56
Swap at: 57
Swap at: 58
Swap at: 59
Swap at: 60
Swap at: 61
Swap at: 62
Swap at: 63
Swap at: 64
Swap at: 65
Swap at: 66
Swap at: 67
Swap at: 68
Swap at: 69
Swap at: 70
Swap at: 71
Swap at: 72
Swap at: 73
Swap at: 74
Swap at: 75
Swap at: 76
Swap at: 77
Swap at: 78
Swap at: 79
Swap at: 80
Swap at: 81
Swap at: 82
Swap at: 83
Swap at: 84
Swap at: 85
Swap at: 86
Swap at: 87
Swap at: 88
Swap at: 89
Swap at: 90
Swap at: 91
Swap at: 92
Swap at: 93
Swap at: 94
Swap at: 95
Swap at: 96
Swap at: 97
Swap at: 98
Swap at: 4
Swap at: 5
Swap at: 6
Swap at: 7
Swap at: 8
Swap at: 9
Swap at: 12
Swap at: 13
Swap at: 14
Swap at: 15
Swap at: 16
Swap at: 17
Swap at: 18
Swap at: 19
Swap at: 20
Swap at: 21
Swap at: 22
Swap at: 23
Swap at: 25
Swap at: 26
Swap at: 27
Swap at: 28
Swap at: 29
Swap at: 30
Swap at: 31
Swap at: 32
Swap at: 33
Swap at: 34
Swap at: 35
Swap at: 36
Swap at: 38
Swap at: 39
Swap at: 40
Swap at: 41
Swap at: 42
Swap at: 43
Swap at: 44
Swap at: 45
Swap at: 46
Swap at: 47
Swap at: 49
Swap at: 50
Swap at: 51
Swap at: 52
Swap at: 53
Swap at: 54
Swap at: 55
Swap at: 56
Swap at: 57
Swap at: 58
Swap at: 59
Swap at: 60
Swap at: 61
Swap at: 62
Swap at: 63
Swap at: 64
Swap at: 65
Swap at: 66
Swap at: 67
Swap at: 68
Swap at: 69
Swap at: 70
Swap at: 71
Swap at: 72
Swap at: 73
Swap at: 74
Swap at: 75
Swap at: 76
Swap at: 77
Swap at: 78
Swap at: 79
Swap at: 80
Swap at: 81
Swap at: 82
Swap at: 83
Swap at: 84
Swap at: 85
Swap at: 87
Swap at: 88
Swap at: 89
Swap at: 90
Swap at: 91
Swap at: 92
Swap at: 93
Swap at: 94
Swap at: 95
Swap at: 96
Swap at: 97
Swap at: 4
Swap at: 5
Swap at: 6
Swap at: 7
Swap at: 8
Swap at: 11
Swap at: 12
Swap at: 13
Swap at: 14
Swap at: 15
Swap at: 17
Swap at: 18
Swap at: 20
Swap at: 21
Swap at: 22
Swap at: 24
Swap at: 25
Swap at: 26
Swap at: 27
Swap at: 28
Swap at: 29
Swap at: 30
Swap at: 31
Swap at: 32
Swap at: 33
Swap at: 34
Swap at: 35
Swap at: 37
Swap at: 38
Swap at: 39
Swap at: 40
Swap at: 41
Swap at: 42
Swap at: 43
Swap at: 44
Swap at: 45
Swap at: 46
Swap at: 48
Swap at: 49
Swap at: 50
Swap at: 51
Swap at: 52
Swap at: 53
Swap at: 54
Swap at: 55
Swap at: 56
Swap at: 57
Swap at: 58
Swap at: 59
Swap at: 60
Swap at: 61
Swap at: 62
Swap at: 63
Swap at: 64
Swap at: 65
Swap at: 66
Swap at: 67
Swap at: 68
Swap at: 69
Swap at: 70
Swap at: 71
Swap at: 72
Swap at: 73
Swap at: 74
Swap at: 75
Swap at: 76
Swap at: 77
Swap at: 78
Swap at: 79
Swap at: 80
Swap at: 81
Swap at: 82
Swap at: 83
Swap at: 84
Swap at: 86
Swap at: 87
Swap at: 88
Swap at: 89
Swap at: 90
Swap at: 91
Swap at: 92
Swap at: 93
Swap at: 94
Swap at: 95
Swap at: 96
Swap at: 3
Swap at: 4
Swap at: 5
Swap at: 6
Swap at: 7
Swap at: 10
Swap at: 11
Swap at: 12
Swap at: 13
Swap at: 14
Swap at: 16
Swap at: 17
Swap at: 19
Swap at: 20
Swap at: 21
Swap at: 23
Swap at: 24
Swap at: 25
Swap at: 26
Swap at: 27
Swap at: 28
Swap at: 29
Swap at: 30
Swap at: 31
Swap at: 32
Swap at: 33
Swap at: 34
Swap at: 36
Swap at: 37
Swap at: 38
Swap at: 39
Swap at: 40
Swap at: 41
Swap at: 42
Swap at: 43
Swap at: 44
Swap at: 45
Swap at: 47
Swap at: 48
Swap at: 49
Swap at: 50
Swap at: 51
Swap at: 52
Swap at: 53
Swap at: 54
Swap at: 55
Swap at: 56
Swap at: 57
Swap at: 58
Swap at: 59
Swap at: 60
Swap at: 61
Swap at: 62
Swap at: 63
Swap at: 64
Swap at: 65
Swap at: 66
Swap at: 67
Swap at: 68
Swap at: 69
Swap at: 70
Swap at: 71
Swap at: 72
Swap at: 73
Swap at: 74
Swap at: 75
Swap at: 76
Swap at: 77
Swap at: 78
Swap at: 79
Swap at: 80
Swap at: 81
Swap at: 82
Swap at: 83
Swap at: 85
Swap at: 86
Swap at: 87
Swap at: 88
Swap at: 89
Swap at: 90
Swap at: 91
Swap at: 92
Swap at: 93
Swap at: 94
Swap at: 95
Swap at: 2
Swap at: 3
Swap at: 4
Swap at: 5
Swap at: 6
Swap at: 9
Swap at: 10
Swap at: 11
Swap at: 12
Swap at: 13
Swap at: 15
Swap at: 16
Swap at: 18
Swap at: 19
Swap at: 20
Swap at: 22
Swap at: 23
Swap at: 24
Swap at: 25
Swap at: 26
Swap at: 27
Swap at: 28
Swap at: 30
Swap at: 31
Swap at: 32
Swap at: 33
Swap at: 35
Swap at: 36
Swap at: 37
Swap at: 38
Swap at: 39
Swap at: 40
Swap at: 41
Swap at: 42
Swap at: 43
Swap at: 44
Swap at: 46
Swap at: 47
Swap at: 48
Swap at: 49
Swap at: 50
Swap at: 51
Swap at: 53
Swap at: 54
Swap at: 55
Swap at: 56
Swap at: 57
Swap at: 58
Swap at: 59
Swap at: 60
Swap at: 61
Swap at: 62
Swap at: 63
Swap at: 64
Swap at: 65
Swap at: 66
Swap at: 67
Swap at: 68
Swap at: 69
Swap at: 70
Swap at: 71
Swap at: 72
Swap at: 73
Swap at: 74
Swap at: 75
Swap at: 76
Swap at: 77
Swap at: 78
Swap at: 79
Swap at: 80
Swap at: 81
Swap at: 82
Swap at: 84
Swap at: 85
Swap at: 86
Swap at: 87
Swap at: 88
Swap at: 89
Swap at: 90
Swap at: 92
Swap at: 93
Swap at: 94
Swap at: 3
Swap at: 4
Swap at: 5
Swap at: 8
Swap at: 9
Swap at: 10
Swap at: 11
Swap at: 14
Swap at: 15
Swap at: 17
Swap at: 18
Swap at: 19
Swap at: 21
Swap at: 22
Swap at: 23
Swap at: 24
Swap at: 25
Swap at: 26
Swap at: 27
Swap at: 29
Swap at: 30
Swap at: 31
Swap at: 32
Swap at: 34
Swap at: 35
Swap at: 36
Swap at: 37
Swap at: 38
Swap at: 39
Swap at: 40
Swap at: 41
Swap at: 42
Swap at: 43
Swap at: 45
Swap at: 46
Swap at: 47
Swap at: 48
Swap at: 49
Swap at: 50
Swap at: 52
Swap at: 53
Swap at: 54
Swap at: 55
Swap at: 56
Swap at: 57
Swap at: 58
Swap at: 59
Swap at: 60
Swap at: 61
Swap at: 62
Swap at: 63
Swap at: 64
Swap at: 65
Swap at: 66
Swap at: 67
Swap at: 68
Swap at: 69
Swap at: 70
Swap at: 71
Swap at: 72
Swap at: 73
Swap at: 74
Swap at: 75
Swap at: 76
Swap at: 77
Swap at: 78
Swap at: 79
Swap at: 80
Swap at: 81
Swap at: 83
Swap at: 84
Swap at: 85
Swap at: 86
Swap at: 87
Swap at: 88
Swap at: 89
Swap at: 91
Swap at: 92
Swap at: 93
Swap at: 2
Swap at: 3
Swap at: 4
Swap at: 7
Swap at: 8
Swap at: 10
Swap at: 13
Swap at: 14
Swap at: 16
Swap at: 17
Swap at: 18
Swap at: 20
Swap at: 21
Swap at: 23
Swap at: 24
Swap at: 25
Swap at: 26
Swap at: 28
Swap at: 29
Swap at: 31
Swap at: 33
Swap at: 34
Swap at: 35
Swap at: 36
Swap at: 37
Swap at: 38
Swap at: 39
Swap at: 40
Swap at: 41
Swap at: 42
Swap at: 44
Swap at: 45
Swap at: 46
Swap at: 47
Swap at: 48
Swap at: 49
Swap at: 51
Swap at: 52
Swap at: 53
Swap at: 54
Swap at: 55
Swap at: 56
Swap at: 57
Swap at: 58
Swap at: 59
Swap at: 60
Swap at: 61
Swap at: 62
Swap at: 63
Swap at: 64
Swap at: 65
Swap at: 66
Swap at: 67
Swap at: 68
Swap at: 69
Swap at: 70
Swap at: 71
Swap at: 72
Swap at: 73
Swap at: 74
Swap at: 75
Swap at: 76
Swap at: 77
Swap at: 78
Swap at: 79
Swap at: 80
Swap at: 82
Swap at: 83
Swap at: 84
Swap at: 85
Swap at: 86
Swap at: 87
Swap at: 88
Swap at: 90
Swap at: 91
Swap at: 92
Swap at: 2
Swap at: 3
Swap at: 6
Swap at: 7
Swap at: 9
Swap at: 12
Swap at: 13
Swap at: 15
Swap at: 16
Swap at: 17
Swap at: 19
Swap at: 20
Swap at: 23
Swap at: 24
Swap at: 25
Swap at: 27
Swap at: 28
Swap at: 30
Swap at: 32
Swap at: 33
Swap at: 34
Swap at: 35
Swap at: 36
Swap at: 37
Swap at: 38
Swap at: 39
Swap at: 40
Swap at: 41
Swap at: 43
Swap at: 44
Swap at: 45
Swap at: 46
Swap at: 47
Swap at: 48
Swap at: 50
Swap at: 51
Swap at: 52
Swap at: 53
Swap at: 54
Swap at: 55
Swap at: 56
Swap at: 57
Swap at: 58
Swap at: 59
Swap at: 60
Swap at: 61
Swap at: 62
Swap at: 64
Swap at: 65
Swap at: 66
Swap at: 67
Swap at: 68
Swap at: 69
Swap at: 70
Swap at: 71
Swap at: 72
Swap at: 73
Swap at: 74
Swap at: 75
Swap at: 76
Swap at: 77
Swap at: 78
Swap at: 79
Swap at: 81
Swap at: 82
Swap at: 83
Swap at: 84
Swap at: 85
Swap at: 86
Swap at: 87
Swap at: 89
Swap at: 90
Swap at: 91
Swap at: 2
Swap at: 5
Swap at: 6
Swap at: 8
Swap at: 12
Swap at: 14
Swap at: 15
Swap at: 16
Swap at: 18
Swap at: 19
Swap at: 22
Swap at: 23
Swap at: 24
Swap at: 26
Swap at: 27
Swap at: 29
Swap at: 31
Swap at: 32
Swap at: 33
Swap at: 34
Swap at: 35
Swap at: 36
Swap at: 37
Swap at: 38
Swap at: 39
Swap at: 42
Swap at: 43
Swap at: 44
Swap at: 45
Swap at: 46
Swap at: 47
Swap at: 49
Swap at: 50
Swap at: 51
Swap at: 52
Swap at: 53
Swap at: 54
Swap at: 55
Swap at: 56
Swap at: 57
Swap at: 58
Swap at: 59
Swap at: 60
Swap at: 61
Swap at: 63
Swap at: 64
Swap at: 65
Swap at: 66
Swap at: 67
Swap at: 68
Swap at: 69
Swap at: 70
Swap at: 71
Swap at: 72
Swap at: 73
Swap at: 74
Swap at: 75
Swap at: 76
Swap at: 77
Swap at: 78
Swap at: 80
Swap at: 81
Swap at: 82
Swap at: 83
Swap at: 84
Swap at: 85
Swap at: 86
Swap at: 88
Swap at: 89
Swap at: 90
Swap at: 1
Swap at: 4
Swap at: 5
Swap at: 7
Swap at: 11
Swap at: 13
Swap at: 14
Swap at: 15
Swap at: 17
Swap at: 18
Swap at: 21
Swap at: 22
Swap at: 23
Swap at: 25
Swap at: 26
Swap at: 28
Swap at: 30
Swap at: 31
Swap at: 32
Swap at: 33
Swap at: 34
Swap at: 35
Swap at: 36
Swap at: 37
Swap at: 38
Swap at: 41
Swap at: 42
Swap at: 43
Swap at: 44
Swap at: 45
Swap at: 46
Swap at: 48
Swap at: 49
Swap at: 50
Swap at: 51
Swap at: 52
Swap at: 53
Swap at: 54
Swap at: 55
Swap at: 56
Swap at: 57
Swap at: 58
Swap at: 59
Swap at: 60
Swap at: 62
Swap at: 63
Swap at: 64
Swap at: 65
Swap at: 66
Swap at: 67
Swap at: 68
Swap at: 69
Swap at: 70
Swap at: 71
Swap at: 72
Swap at: 73
Swap at: 74
Swap at: 75
Swap at: 76
Swap at: 77
Swap at: 79
Swap at: 80
Swap at: 81
Swap at: 82
Swap at: 83
Swap at: 84
Swap at: 85
Swap at: 87
Swap at: 88
Swap at: 89
Swap at: 3
Swap at: 4
Swap at: 10
Swap at: 12
Swap at: 13
Swap at: 14
Swap at: 16
Swap at: 17
Swap at: 20
Swap at: 21
Swap at: 22
Swap at: 24
Swap at: 25
Swap at: 27
Swap at: 29
Swap at: 30
Swap at: 31
Swap at: 32
Swap at: 33
Swap at: 34
Swap at: 35
Swap at: 36
Swap at: 37
Swap at: 40
Swap at: 42
Swap at: 43
Swap at: 44
Swap at: 45
Swap at: 47
Swap at: 48
Swap at: 49
Swap at: 50
Swap at: 51
Swap at: 52
Swap at: 53
Swap at: 54
Swap at: 55
Swap at: 56
Swap at: 57
Swap at: 58
Swap at: 59
Swap at: 61
Swap at: 62
Swap at: 63
Swap at: 64
Swap at: 65
Swap at: 66
Swap at: 67
Swap at: 68
Swap at: 69
Swap at: 70
Swap at: 71
Swap at: 72
Swap at: 73
Swap at: 74
Swap at: 75
Swap at: 76
Swap at: 78
Swap at: 79
Swap at: 80
Swap at: 81
Swap at: 82
Swap at: 83
Swap at: 84
Swap at: 86
Swap at: 87
Swap at: 88
Swap at: 2
Swap at: 3
Swap at: 9
Swap at: 11
Swap at: 12
Swap at: 13
Swap at: 16
Swap at: 19
Swap at: 20
Swap at: 21
Swap at: 23
Swap at: 24
Swap at: 26
Swap at: 28
Swap at: 29
Swap at: 30
Swap at: 31
Swap at: 32
Swap at: 33
Swap at: 34
Swap at: 35
Swap at: 36
Swap at: 39
Swap at: 41
Swap at: 42
Swap at: 43
Swap at: 44
Swap at: 46
Swap at: 47
Swap at: 48
Swap at: 49
Swap at: 50
Swap at: 51
Swap at: 52
Swap at: 53
Swap at: 54
Swap at: 55
Swap at: 56
Swap at: 57
Swap at: 58
Swap at: 60
Swap at: 61
Swap at: 62
Swap at: 63
Swap at: 64
Swap at: 65
Swap at: 66
Swap at: 67
Swap at: 68
Swap at: 69
Swap at: 70
Swap at: 71
Swap at: 72
Swap at: 73
Swap at: 74
Swap at: 75
Swap at: 77
Swap at: 78
Swap at: 79
Swap at: 80
Swap at: 81
Swap at: 82
Swap at: 83
Swap at: 85
Swap at: 86
Swap at: 87
Swap at: 2
Swap at: 8
Swap at: 10
Swap at: 11
Swap at: 12
Swap at: 15
Swap at: 18
Swap at: 19
Swap at: 20
Swap at: 23
Swap at: 25
Swap at: 27
Swap at: 28
Swap at: 29
Swap at: 30
Swap at: 31
Swap at: 32
Swap at: 33
Swap at: 34
Swap at: 35
Swap at: 38
Swap at: 40
Swap at: 41
Swap at: 42
Swap at: 43
Swap at: 45
Swap at: 46
Swap at: 47
Swap at: 48
Swap at: 49
Swap at: 50
Swap at: 51
Swap at: 52
Swap at: 53
Swap at: 54
Swap at: 55
Swap at: 56
Swap at: 57
Swap at: 59
Swap at: 60
Swap at: 61
Swap at: 62
Swap at: 63
Swap at: 64
Swap at: 65
Swap at: 66
Swap at: 67
Swap at: 68
Swap at: 69
Swap at: 70
Swap at: 71
Swap at: 72
Swap at: 73
Swap at: 74
Swap at: 76
Swap at: 77
Swap at: 78
Swap at: 79
Swap at: 80
Swap at: 81
Swap at: 82
Swap at: 84
Swap at: 85
Swap at: 86
Swap at: 1
Swap at: 7
Swap at: 9
Swap at: 10
Swap at: 11
Swap at: 14
Swap at: 17
Swap at: 18
Swap at: 19
Swap at: 22
Swap at: 24
Swap at: 26
Swap at: 27
Swap at: 28
Swap at: 29
Swap at: 30
Swap at: 31
Swap at: 32
Swap at: 33
Swap at: 34
Swap at: 37
Swap at: 39
Swap at: 40
Swap at: 41
Swap at: 42
Swap at: 44
Swap at: 45
Swap at: 46
Swap at: 47
Swap at: 48
Swap at: 49
Swap at: 50
Swap at: 51
Swap at: 52
Swap at: 53
Swap at: 54
Swap at: 55
Swap at: 56
Swap at: 58
Swap at: 59
Swap at: 60
Swap at: 61
Swap at: 62
Swap at: 63
Swap at: 64
Swap at: 65
Swap at: 66
Swap at: 67
Swap at: 68
Swap at: 69
Swap at: 70
Swap at: 71
Swap at: 72
Swap at: 73
Swap at: 75
Swap at: 76
Swap at: 77
Swap at: 78
Swap at: 79
Swap at: 80
Swap at: 81
Swap at: 83
Swap at: 84
Swap at: 85
Swap at: 8
Swap at: 9
Swap at: 10
Swap at: 13
Swap at: 16
Swap at: 17
Swap at: 18
Swap at: 21
Swap at: 23
Swap at: 25
Swap at: 26
Swap at: 27
Swap at: 28
Swap at: 29
Swap at: 30
Swap at: 31
Swap at: 32
Swap at: 33
Swap at: 36
Swap at: 38
Swap at: 39
Swap at: 40
Swap at: 41
Swap at: 43
Swap at: 44
Swap at: 45
Swap at: 46
Swap at: 47
Swap at: 48
Swap at: 49
Swap at: 50
Swap at: 51
Swap at: 52
Swap at: 53
Swap at: 54
Swap at: 55
Swap at: 57
Swap at: 58
Swap at: 59
Swap at: 61
Swap at: 62
Swap at: 63
Swap at: 64
Swap at: 65
Swap at: 66
Swap at: 67
Swap at: 68
Swap at: 69
Swap at: 70
Swap at: 71
Swap at: 72
Swap at: 74
Swap at: 75
Swap at: 76
Swap at: 77
Swap at: 78
Swap at: 79
Swap at: 80
Swap at: 82
Swap at: 83
Swap at: 84
Swap at: 7
Swap at: 8
Swap at: 9
Swap at: 15
Swap at: 16
Swap at: 17
Swap at: 20
Swap at: 22
Swap at: 24
Swap at: 25
Swap at: 26
Swap at: 27
Swap at: 28
Swap at: 29
Swap at: 30
Swap at: 31
Swap at: 32
Swap at: 35
Swap at: 37
Swap at: 38
Swap at: 39
Swap at: 40
Swap at: 42
Swap at: 43
Swap at: 44
Swap at: 45
Swap at: 46
Swap at: 47
Swap at: 48
Swap at: 49
Swap at: 51
Swap at: 52
Swap at: 53
Swap at: 54
Swap at: 56
Swap at: 57
Swap at: 58
Swap at: 60
Swap at: 61
Swap at: 62
Swap at: 63
Swap at: 64
Swap at: 65
Swap at: 66
Swap at: 67
Swap at: 68
Swap at: 69
Swap at: 70
Swap at: 71
Swap at: 73
Swap at: 74
Swap at: 75
Swap at: 76
Swap at: 77
Swap at: 78
Swap at: 79
Swap at: 81
Swap at: 82
Swap at: 83
Swap at: 6
Swap at: 7
Swap at: 8
Swap at: 15
Swap at: 16
Swap at: 19
Swap at: 21
Swap at: 23
Swap at: 24
Swap at: 25
Swap at: 26
Swap at: 27
Swap at: 28
Swap at: 29
Swap at: 30
Swap at: 31
Swap at: 34
Swap at: 36
Swap at: 37
Swap at: 38
Swap at: 39
Swap at: 41
Swap at: 42
Swap at: 43
Swap at: 44
Swap at: 45
Swap at: 46
Swap at: 47
Swap at: 48
Swap at: 50
Swap at: 51
Swap at: 52
Swap at: 53
Swap at: 55
Swap at: 56
Swap at: 57
Swap at: 59
Swap at: 60
Swap at: 61
Swap at: 62
Swap at: 63
Swap at: 64
Swap at: 65
Swap at: 66
Swap at: 68
Swap at: 69
Swap at: 70
Swap at: 72
Swap at: 73
Swap at: 74
Swap at: 75
Swap at: 76
Swap at: 77
Swap at: 78
Swap at: 80
Swap at: 81
Swap at: 82
Swap at: 5
Swap at: 6
Swap at: 7
Swap at: 14
Swap at: 15
Swap at: 18
Swap at: 20
Swap at: 22
Swap at: 23
Swap at: 24
Swap at: 25
Swap at: 26
Swap at: 27
Swap at: 28
Swap at: 29
Swap at: 30
Swap at: 33
Swap at: 35
Swap at: 36
Swap at: 37
Swap at: 38
Swap at: 40
Swap at: 41
Swap at: 42
Swap at: 43
Swap at: 44
Swap at: 45
Swap at: 46
Swap at: 47
Swap at: 49
Swap at: 50
Swap at: 51
Swap at: 52
Swap at: 54
Swap at: 55
Swap at: 56
Swap at: 58
Swap at: 59
Swap at: 60
Swap at: 61
Swap at: 62
Swap at: 63
Swap at: 64
Swap at: 65
Swap at: 67
Swap at: 68
Swap at: 69
Swap at: 71
Swap at: 72
Swap at: 73
Swap at: 74
Swap at: 75
Swap at: 76
Swap at: 77
Swap at: 79
Swap at: 80
Swap at: 81
Swap at: 4
Swap at: 5
Swap at: 6
Swap at: 13
Swap at: 14
Swap at: 17
Swap at: 19
Swap at: 21
Swap at: 22
Swap at: 23
Swap at: 24
Swap at: 25
Swap at: 26
Swap at: 27
Swap at: 28
Swap at: 29
Swap at: 32
Swap at: 34
Swap at: 35
Swap at: 36
Swap at: 37
Swap at: 39
Swap at: 40
Swap at: 41
Swap at: 42
Swap at: 43
Swap at: 44
Swap at: 45
Swap at: 46
Swap at: 48
Swap at: 49
Swap at: 50
Swap at: 51
Swap at: 53
Swap at: 54
Swap at: 55
Swap at: 57
Swap at: 58
Swap at: 59
Swap at: 60
Swap at: 61
Swap at: 62
Swap at: 63
Swap at: 64
Swap at: 66
Swap at: 67
Swap at: 68
Swap at: 70
Swap at: 71
Swap at: 72
Swap at: 73
Swap at: 74
Swap at: 75
Swap at: 76
Swap at: 78
Swap at: 79
Swap at: 80
Swap at: 4
Swap at: 5
Swap at: 12
Swap at: 13
Swap at: 16
Swap at: 18
Swap at: 20
Swap at: 21
Swap at: 22
Swap at: 23
Swap at: 24
Swap at: 25
Swap at: 26
Swap at: 27
Swap at: 31
Swap at: 33
Swap at: 34
Swap at: 35
Swap at: 36
Swap at: 39
Swap at: 40
Swap at: 41
Swap at: 42
Swap at: 43
Swap at: 44
Swap at: 45
Swap at: 47
Swap at: 48
Swap at: 49
Swap at: 50
Swap at: 52
Swap at: 53
Swap at: 54
Swap at: 56
Swap at: 57
Swap at: 58
Swap at: 59
Swap at: 60
Swap at: 61
Swap at: 62
Swap at: 63
Swap at: 65
Swap at: 66
Swap at: 67
Swap at: 69
Swap at: 70
Swap at: 71
Swap at: 72
Swap at: 74
Swap at: 75
Swap at: 77
Swap at: 78
Swap at: 79
Swap at: 3
Swap at: 4
Swap at: 11
Swap at: 12
Swap at: 15
Swap at: 17
Swap at: 19
Swap at: 20
Swap at: 21
Swap at: 22
Swap at: 23
Swap at: 24
Swap at: 25
Swap at: 26
Swap at: 30
Swap at: 32
Swap at: 33
Swap at: 34
Swap at: 35
Swap at: 38
Swap at: 39
Swap at: 40
Swap at: 41
Swap at: 42
Swap at: 43
Swap at: 44
Swap at: 46
Swap at: 47
Swap at: 48
Swap at: 49
Swap at: 51
Swap at: 52
Swap at: 53
Swap at: 55
Swap at: 56
Swap at: 57
Swap at: 58
Swap at: 59
Swap at: 60
Swap at: 61
Swap at: 62
Swap at: 64
Swap at: 65
Swap at: 66
Swap at: 68
Swap at: 69
Swap at: 70
Swap at: 71
Swap at: 73
Swap at: 74
Swap at: 76
Swap at: 77
Swap at: 78
Swap at: 2
Swap at: 3
Swap at: 10
Swap at: 11
Swap at: 16
Swap at: 18
Swap at: 19
Swap at: 20
Swap at: 21
Swap at: 22
Swap at: 24
Swap at: 25
Swap at: 29
Swap at: 31
Swap at: 32
Swap at: 33
Swap at: 34
Swap at: 37
Swap at: 38
Swap at: 39
Swap at: 40
Swap at: 42
Swap at: 43
Swap at: 45
Swap at: 46
Swap at: 47
Swap at: 48
Swap at: 50
Swap at: 51
Swap at: 52
Swap at: 54
Swap at: 55
Swap at: 56
Swap at: 57
Swap at: 58
Swap at: 59
Swap at: 60
Swap at: 61
Swap at: 63
Swap at: 64
Swap at: 65
Swap at: 67
Swap at: 68
Swap at: 69
Swap at: 70
Swap at: 72
Swap at: 73
Swap at: 75
Swap at: 76
Swap at: 77
Swap at: 1
Swap at: 2
Swap at: 9
Swap at: 10
Swap at: 15
Swap at: 17
Swap at: 18
Swap at: 19
Swap at: 23
Swap at: 24
Swap at: 28
Swap at: 30
Swap at: 31
Swap at: 32
Swap at: 33
Swap at: 36
Swap at: 37
Swap at: 38
Swap at: 39
Swap at: 41
Swap at: 42
Swap at: 44
Swap at: 45
Swap at: 46
Swap at: 47
Swap at: 49
Swap at: 51
Swap at: 53
Swap at: 54
Swap at: 55
Swap at: 56
Swap at: 57
Swap at: 58
Swap at: 59
Swap at: 60
Swap at: 62
Swap at: 63
Swap at: 66
Swap at: 67
Swap at: 68
Swap at: 69
Swap at: 71
Swap at: 72
Swap at: 74
Swap at: 75
Swap at: 76
Swap at: 8
Swap at: 9
Swap at: 14
Swap at: 16
Swap at: 17
Swap at: 18
Swap at: 22
Swap at: 23
Swap at: 27
Swap at: 29
Swap at: 30
Swap at: 31
Swap at: 32
Swap at: 35
Swap at: 36
Swap at: 37
Swap at: 38
Swap at: 40
Swap at: 41
Swap at: 43
Swap at: 44
Swap at: 45
Swap at: 46
Swap at: 48
Swap at: 50
Swap at: 52
Swap at: 53
Swap at: 54
Swap at: 55
Swap at: 56
Swap at: 57
Swap at: 58
Swap at: 59
Swap at: 61
Swap at: 62
Swap at: 65
Swap at: 66
Swap at: 67
Swap at: 68
Swap at: 70
Swap at: 71
Swap at: 73
Swap at: 74
Swap at: 75
Swap at: 7
Swap at: 8
Swap at: 13
Swap at: 15
Swap at: 16
Swap at: 17
Swap at: 21
Swap at: 22
Swap at: 26
Swap at: 28
Swap at: 29
Swap at: 30
Swap at: 31
Swap at: 34
Swap at: 35
Swap at: 36
Swap at: 37
Swap at: 39
Swap at: 40
Swap at: 42
Swap at: 43
Swap at: 44
Swap at: 45
Swap at: 47
Swap at: 49
Swap at: 51
Swap at: 52
Swap at: 53
Swap at: 54
Swap at: 55
Swap at: 56
Swap at: 57
Swap at: 58
Swap at: 60
Swap at: 61
Swap at: 64
Swap at: 65
Swap at: 67
Swap at: 69
Swap at: 70
Swap at: 72
Swap at: 73
Swap at: 74
Swap at: 6
Swap at: 7
Swap at: 12
Swap at: 14
Swap at: 15
Swap at: 16
Swap at: 20
Swap at: 21
Swap at: 25
Swap at: 27
Swap at: 28
Swap at: 29
Swap at: 30
Swap at: 33
Swap at: 34
Swap at: 36
Swap at: 38
Swap at: 39
Swap at: 41
Swap at: 42
Swap at: 43
Swap at: 44
Swap at: 46
Swap at: 48
Swap at: 50
Swap at: 51
Swap at: 52
Swap at: 53
Swap at: 54
Swap at: 55
Swap at: 56
Swap at: 57
Swap at: 59
Swap at: 60
Swap at: 63
Swap at: 64
Swap at: 66
Swap at: 68
Swap at: 69
Swap at: 71
Swap at: 72
Swap at: 73
Swap at: 5
Swap at: 6
Swap at: 11
Swap at: 13
Swap at: 14
Swap at: 19
Swap at: 20
Swap at: 24
Swap at: 27
Swap at: 28
Swap at: 29
Swap at: 32
Swap at: 33
Swap at: 35
Swap at: 37
Swap at: 38
Swap at: 40
Swap at: 41
Swap at: 42
Swap at: 43
Swap at: 45
Swap at: 47
Swap at: 49
Swap at: 50
Swap at: 51
Swap at: 52
Swap at: 53
Swap at: 54
Swap at: 55
Swap at: 56
Swap at: 58
Swap at: 59
Swap at: 62
Swap at: 63
Swap at: 65
Swap at: 67
Swap at: 68
Swap at: 70
Swap at: 71
Swap at: 72
Swap at: 10
Swap at: 12
Swap at: 13
Swap at: 18
Swap at: 19
Swap at: 23
Swap at: 26
Swap at: 27
Swap at: 31
Swap at: 32
Swap at: 34
Swap at: 36
Swap at: 37
Swap at: 39
Swap at: 40
Swap at: 41
Swap at: 42
Swap at: 44
Swap at: 46
Swap at: 48
Swap at: 49
Swap at: 50
Swap at: 51
Swap at: 52
Swap at: 53
Swap at: 54
Swap at: 55
Swap at: 57
Swap at: 58
Swap at: 61
Swap at: 62
Swap at: 64
Swap at: 66
Swap at: 67
Swap at: 69
Swap at: 70
Swap at: 71
Swap at: 9
Swap at: 11
Swap at: 12
Swap at: 17
Swap at: 18
Swap at: 22
Swap at: 25
Swap at: 26
Swap at: 30
Swap at: 31
Swap at: 33
Swap at: 35
Swap at: 36
Swap at: 38
Swap at: 39
Swap at: 40
Swap at: 41
Swap at: 43
Swap at: 45
Swap at: 47
Swap at: 48
Swap at: 49
Swap at: 50
Swap at: 51
Swap at: 52
Swap at: 53
Swap at: 54
Swap at: 56
Swap at: 57
Swap at: 60
Swap at: 61
Swap at: 63
Swap at: 65
Swap at: 66
Swap at: 68
Swap at: 69
Swap at: 70
Swap at: 8
Swap at: 11
Swap at: 16
Swap at: 21
Swap at: 24
Swap at: 25
Swap at: 29
Swap at: 30
Swap at: 32
Swap at: 34
Swap at: 35
Swap at: 37
Swap at: 38
Swap at: 39
Swap at: 40
Swap at: 42
Swap at: 44
Swap at: 46
Swap at: 47
Swap at: 48
Swap at: 49
Swap at: 50
Swap at: 51
Swap at: 52
Swap at: 53
Swap at: 55
Swap at: 56
Swap at: 59
Swap at: 60
Swap at: 62
Swap at: 64
Swap at: 65
Swap at: 67
Swap at: 68
Swap at: 69
Swap at: 7
Swap at: 10
Swap at: 15
Swap at: 20
Swap at: 23
Swap at: 24
Swap at: 28
Swap at: 29
Swap at: 31
Swap at: 33
Swap at: 34
Swap at: 36
Swap at: 37
Swap at: 38
Swap at: 39
Swap at: 41
Swap at: 43
Swap at: 45
Swap at: 46
Swap at: 47
Swap at: 48
Swap at: 49
Swap at: 50
Swap at: 52
Swap at: 55
Swap at: 58
Swap at: 59
Swap at: 61
Swap at: 63
Swap at: 64
Swap at: 66
Swap at: 67
Swap at: 68
Swap at: 6
Swap at: 9
Swap at: 14
Swap at: 19
Swap at: 22
Swap at: 23
Swap at: 27
Swap at: 28
Swap at: 30
Swap at: 32
Swap at: 33
Swap at: 35
Swap at: 36
Swap at: 37
Swap at: 38
Swap at: 40
Swap at: 42
Swap at: 44
Swap at: 45
Swap at: 46
Swap at: 47
Swap at: 48
Swap at: 49
Swap at: 51
Swap at: 54
Swap at: 57
Swap at: 58
Swap at: 60
Swap at: 62
Swap at: 63
Swap at: 65
Swap at: 66
Swap at: 67
Swap at: 5
Swap at: 8
Swap at: 18
Swap at: 21
Swap at: 22
Swap at: 26
Swap at: 27
Swap at: 29
Swap at: 31
Swap at: 32
Swap at: 34
Swap at: 35
Swap at: 37
Swap at: 39
Swap at: 41
Swap at: 43
Swap at: 44
Swap at: 45
Swap at: 46
Swap at: 47
Swap at: 48
Swap at: 50
Swap at: 53
Swap at: 56
Swap at: 57
Swap at: 59
Swap at: 61
Swap at: 62
Swap at: 64
Swap at: 65
Swap at: 66
Swap at: 4
Swap at: 7
Swap at: 17
Swap at: 20
Swap at: 21
Swap at: 25
Swap at: 26
Swap at: 28
Swap at: 30
Swap at: 31
Swap at: 34
Swap at: 36
Swap at: 38
Swap at: 42
Swap at: 43
Swap at: 44
Swap at: 45
Swap at: 46
Swap at: 47
Swap at: 49
Swap at: 52
Swap at: 55
Swap at: 56
Swap at: 58
Swap at: 60
Swap at: 61
Swap at: 63
Swap at: 64
Swap at: 65
Swap at: 3
Swap at: 16
Swap at: 19
Swap at: 20
Swap at: 24
Swap at: 25
Swap at: 27
Swap at: 29
Swap at: 30
Swap at: 33
Swap at: 35
Swap at: 37
Swap at: 41
Swap at: 42
Swap at: 43
Swap at: 44
Swap at: 45
Swap at: 46
Swap at: 48
Swap at: 51
Swap at: 54
Swap at: 55
Swap at: 57
Swap at: 59
Swap at: 62
Swap at: 63
Swap at: 2
Swap at: 15
Swap at: 18
Swap at: 19
Swap at: 23
Swap at: 24
Swap at: 26
Swap at: 28
Swap at: 29
Swap at: 34
Swap at: 36
Swap at: 40
Swap at: 41
Swap at: 42
Swap at: 43
Swap at: 44
Swap at: 45
Swap at: 47
Swap at: 50
Swap at: 53
Swap at: 54
Swap at: 56
Swap at: 58
Swap at: 61
Swap at: 62
Swap at: 1
Swap at: 14
Swap at: 17
Swap at: 18
Swap at: 22
Swap at: 23
Swap at: 25
Swap at: 27
Swap at: 28
Swap at: 33
Swap at: 35
Swap at: 39
Swap at: 40
Swap at: 41
Swap at: 42
Swap at: 43
Swap at: 44
Swap at: 46
Swap at: 49
Swap at: 52
Swap at: 53
Swap at: 55
Swap at: 57
Swap at: 60
Swap at: 61
Swap at: 13
Swap at: 16
Swap at: 17
Swap at: 21
Swap at: 22
Swap at: 24
Swap at: 26
Swap at: 32
Swap at: 34
Swap at: 38
Swap at: 39
Swap at: 40
Swap at: 41
Swap at: 42
Swap at: 43
Swap at: 45
Swap at: 48
Swap at: 51
Swap at: 52
Swap at: 54
Swap at: 56
Swap at: 59
Swap at: 60
Swap at: 12
Swap at: 15
Swap at: 16
Swap at: 20
Swap at: 21
Swap at: 23
Swap at: 25
Swap at: 33
Swap at: 37
Swap at: 38
Swap at: 39
Swap at: 40
Swap at: 41
Swap at: 42
Swap at: 44
Swap at: 47
Swap at: 50
Swap at: 51
Swap at: 53
Swap at: 55
Swap at: 58
Swap at: 59
Swap at: 11
Swap at: 14
Swap at: 15
Swap at: 19
Swap at: 20
Swap at: 22
Swap at: 32
Swap at: 36
Swap at: 37
Swap at: 38
Swap at: 39
Swap at: 40
Swap at: 41
Swap at: 43
Swap at: 46
Swap at: 49
Swap at: 50
Swap at: 52
Swap at: 54
Swap at: 58
Swap at: 10
Swap at: 13
Swap at: 14
Swap at: 18
Swap at: 19
Swap at: 21
Swap at: 31
Swap at: 35
Swap at: 36
Swap at: 37
Swap at: 38
Swap at: 39
Swap at: 42
Swap at: 45
Swap at: 48
Swap at: 49
Swap at: 51
Swap at: 53
Swap at: 57
Swap at: 9
Swap at: 12
Swap at: 13
Swap at: 17
Swap at: 18
Swap at: 20
Swap at: 30
Swap at: 34
Swap at: 35
Swap at: 36
Swap at: 37
Swap at: 38
Swap at: 41
Swap at: 44
Swap at: 47
Swap at: 48
Swap at: 50
Swap at: 52
Swap at: 56
Swap at: 8
Swap at: 11
Swap at: 12
Swap at: 16
Swap at: 17
Swap at: 19
Swap at: 29
Swap at: 33
Swap at: 34
Swap at: 35
Swap at: 36
Swap at: 37
Swap at: 40
Swap at: 43
Swap at: 46
Swap at: 47
Swap at: 49
Swap at: 51
Swap at: 10
Swap at: 11
Swap at: 15
Swap at: 16
Swap at: 18
Swap at: 28
Swap at: 32
Swap at: 33
Swap at: 34
Swap at: 35
Swap at: 36
Swap at: 39
Swap at: 42
Swap at: 45
Swap at: 46
Swap at: 48
Swap at: 50
Swap at: 9
Swap at: 10
Swap at: 14
Swap at: 15
Swap at: 17
Swap at: 27
Swap at: 31
Swap at: 32
Swap at: 33
Swap at: 34
Swap at: 35
Swap at: 38
Swap at: 41
Swap at: 44
Swap at: 45
Swap at: 47
Swap at: 49
Swap at: 8
Swap at: 9
Swap at: 13
Swap at: 14
Swap at: 26
Swap at: 30
Swap at: 31
Swap at: 32
Swap at: 33
Swap at: 34
Swap at: 37
Swap at: 40
Swap at: 43
Swap at: 44
Swap at: 46
Swap at: 48
Swap at: 7
Swap at: 8
Swap at: 12
Swap at: 13
Swap at: 25
Swap at: 29
Swap at: 30
Swap at: 31
Swap at: 32
Swap at: 33
Swap at: 36
Swap at: 39
Swap at: 42
Swap at: 43
Swap at: 45
Swap at: 47
Swap at: 6
Swap at: 7
Swap at: 11
Swap at: 12
Swap at: 24
Swap at: 28
Swap at: 29
Swap at: 30
Swap at: 31
Swap at: 32
Swap at: 35
Swap at: 38
Swap at: 41
Swap at: 42
Swap at: 44
Swap at: 46
Swap at: 5
Swap at: 10
Swap at: 11
Swap at: 23
Swap at: 27
Swap at: 28
Swap at: 29
Swap at: 30
Swap at: 31
Swap at: 34
Swap at: 37
Swap at: 40
Swap at: 41
Swap at: 43
Swap at: 45
Swap at: 4
Swap at: 9
Swap at: 22
Swap at: 26
Swap at: 27
Swap at: 28
Swap at: 29
Swap at: 33
Swap at: 36
Swap at: 39
Swap at: 40
Swap at: 42
Swap at: 44
Swap at: 3
Swap at: 8
Swap at: 21
Swap at: 25
Swap at: 26
Swap at: 27
Swap at: 28
Swap at: 32
Swap at: 35
Swap at: 38
Swap at: 39
Swap at: 43
Swap at: 2
Swap at: 7
Swap at: 20
Swap at: 24
Swap at: 25
Swap at: 26
Swap at: 27
Swap at: 31
Swap at: 34
Swap at: 37
Swap at: 38
Swap at: 42
Swap at: 6
Swap at: 19
Swap at: 23
Swap at: 24
Swap at: 25
Swap at: 26
Swap at: 30
Swap at: 33
Swap at: 36
Swap at: 37
Swap at: 41
Swap at: 5
Swap at: 18
Swap at: 22
Swap at: 23
Swap at: 24
Swap at: 25
Swap at: 29
Swap at: 32
Swap at: 35
Swap at: 36
Swap at: 40
Swap at: 4
Swap at: 17
Swap at: 21
Swap at: 22
Swap at: 23
Swap at: 24
Swap at: 28
Swap at: 31
Swap at: 34
Swap at: 35
Swap at: 39
Swap at: 3
Swap at: 16
Swap at: 20
Swap at: 21
Swap at: 22
Swap at: 23
Swap at: 27
Swap at: 30
Swap at: 33
Swap at: 34
Swap at: 38
Swap at: 2
Swap at: 15
Swap at: 19
Swap at: 20
Swap at: 21
Swap at: 22
Swap at: 26
Swap at: 32
Swap at: 37
Swap at: 1
Swap at: 14
Swap at: 18
Swap at: 19
Swap at: 20
Swap at: 21
Swap at: 25
Swap at: 31
Swap at: 36
Swap at: 0
Swap at: 13
Swap at: 17
Swap at: 18
Swap at: 19
Swap at: 20
Swap at: 24
Swap at: 30
Swap at: 35
Swap at: 12
Swap at: 16
Swap at: 17
Swap at: 18
Swap at: 19
Swap at: 23
Swap at: 29
Swap at: 34
Swap at: 11
Swap at: 15
Swap at: 16
Swap at: 17
Swap at: 18
Swap at: 22
Swap at: 28
Swap at: 33
Swap at: 10
Swap at: 14
Swap at: 15
Swap at: 16
Swap at: 17
Swap at: 21
Swap at: 27
Swap at: 9
Swap at: 13
Swap at: 14
Swap at: 15
Swap at: 20
Swap at: 26
Swap at: 8
Swap at: 12
Swap at: 14
Swap at: 19
Swap at: 25
Swap at: 7
Swap at: 11
Swap at: 13
Swap at: 18
Swap at: 24
Swap at: 6
Swap at: 10
Swap at: 12
Swap at: 17
Swap at: 23
Swap at: 5
Swap at: 9
Swap at: 11
Swap at: 16
Swap at: 22
Swap at: 4
Swap at: 10
Swap at: 15
Swap at: 21
Swap at: 3
Swap at: 9
Swap at: 14
Swap at: 20
Swap at: 2
Swap at: 8
Swap at: 13
Swap at: 19
Swap at: 7
Swap at: 12
Swap at: 18
Swap at: 6
Swap at: 11
Swap at: 17
Swap at: 10
Swap at: 16
Swap at: 9
Swap at: 15
Swap at: 8
Swap at: 14
Swap at: 7
Swap at: 13
Swap at: 6
Swap at: 12
Swap at: 5
Swap at: 11
Swap at: 4
Swap at: 10
Swap at: 9
Swap at: 8
Swap at: 7
Swap at: 6
Swap at: 5
Swap at: 4
Swap at: 3
Swap at: 2
Swap at: 1
Swap at: 0

+-------------------------------+
|    Testcase Variable Dump:    |
+-------------------------------+

[-32027, -31782, -29595, -28994, -28029, -24660, -23737, -22357, -21628, -21512, -21246, -21071, -20689, -20670, -20608, -20131, -20041, -19532, -19511, -17514, -17252, -16640, -14691, -14280, -13448, -13262, -12691, -12497, -12365, -11893, -11735, -11679, -11537, -9729, -9703, -9266, -8850, -7307, -6610, -6320, -6299, -5920, -5842, -4679, -4578, -4452, -3961, -3806, -3587, -3019, -3002, -2898, -1684, -696, -454, -285, 0, 124, 241, 284, 1994, 2693, 3259, 3984, 4221, 5485, 6218, 6509, 6706, 6964, 7801, 9939, 10077, 10403, 11260, 13537, 14415, 14673, 15579, 15635, 17029, 17126, 17657, 19512, 20058, 20918, 26406, 26476, 26477, 27217, 27533, 28165, 28579, 28697, 29235, 29768, 29769, 30314, 30728, 31526, 31636]
DO NOT TOUCH!
