printInts: About to print an unknown number of elements.  Will stop at a zero element.
1
2
