Hi, if you are reading this file, chances are that:
    1. You are curious
    2. You tried reading the assembly code to generate the test cases
    3. You are confused
    4. All of the above
    5. (a special case) you failed test cases
                     
Yeah, I would be, too. Why is the assembly code for this test case extremely long? I made a python script
that (poorly) creates a MIPS assembly file. You might find it weird how this is printing, but
everything is printed character-by-character because I am too lazy to make labels, so I wrote my own
"printf" function in python that will convert any non-labeled string into code like this. Now, is it
readable? Nope! But it's a quick, hacky and dirty way to print strings :-)

Regardless, you want to know about the test cases? Well, let me explain:
    1. Before calling a function, all sX registers are loaded with garbage values and printed
    2. The function is called with arguments in the aX registers
    3. The sX registers are printed to ensure that they have no changes

Example 1 (No return value):

    | $s0 = 3
    | ...
    | $s7 = 9
    +----BEFORE-----
    custom_printf("%s world!", "hello")
    hello world!
    +----AFTER-----
    | $s0 = 3
    | ...
    | $s7 = 9

Example 2 (With return):

    | $s0 = 3
    | ...
    | $s7 = 9
    +---BEFORE-----
    count_and_print_uppercase("Russell Lewis")
    R
    L
      returned: 2
    +----AFTER-----
    | $s0 = 3
    | ...
    | $s7 = 9

Remember to follow the MIPS calling convention, and you will be fine!
And even if you do fail a test case, at least this output file is readable

================[BEGIN TESTS]================
| $s0 = -1815802040
| $s1 = -2034063482
| $s2 = -469951458
| $s3 = 2070063149
| $s4 = 375623795
| $s5 = -1295306725
| $s6 = -1103735771
| $s7 = 1677597010
+----BEFORE-----
collatz_line(468)
468 234 117
+----AFTER-----
| $s0 = -1815802040
| $s1 = -2034063482
| $s2 = -469951458
| $s3 = 2070063149
| $s4 = 375623795
| $s5 = -1295306725
| $s6 = -1103735771
| $s7 = 1677597010
+--------------------------------
| $s0 = 1583594833
| $s1 = -1624851278
| $s2 = -1920184512
| $s3 = 1106573997
| $s4 = 1669995906
| $s5 = 970802410
| $s6 = 58417070
| $s7 = -456806591
+----BEFORE-----
collatz_line(2)
2 1
+----AFTER-----
| $s0 = 1583594833
| $s1 = -1624851278
| $s2 = -1920184512
| $s3 = 1106573997
| $s4 = 1669995906
| $s5 = 970802410
| $s6 = 58417070
| $s7 = -456806591
+--------------------------------
| $s0 = 426245191
| $s1 = 1350832828
| $s2 = -388242109
| $s3 = 1474374671
| $s4 = 747102514
| $s5 = -1581907612
| $s6 = 17956232
| $s7 = -1642258688
+----BEFORE-----
collatz_line(9)
9
+----AFTER-----
| $s0 = 426245191
| $s1 = 1350832828
| $s2 = -388242109
| $s3 = 1474374671
| $s4 = 747102514
| $s5 = -1581907612
| $s6 = 17956232
| $s7 = -1642258688
+--------------------------------
| $s0 = 962242334
| $s1 = -1557045130
| $s2 = -1475859307
| $s3 = 997756272
| $s4 = -944681661
| $s5 = 1008408810
| $s6 = 1393826532
| $s7 = -24782782
+----BEFORE-----
collatz_line(2147483646)
2147483646 1073741823
+----AFTER-----
| $s0 = 962242334
| $s1 = -1557045130
| $s2 = -1475859307
| $s3 = 997756272
| $s4 = -944681661
| $s5 = 1008408810
| $s6 = 1393826532
| $s7 = -24782782
+--------------------------------
| $s0 = -1082203013
| $s1 = -1980586361
| $s2 = 1130954849
| $s3 = 1964676410
| $s4 = 1560688639
| $s5 = 374954657
| $s6 = 362753346
| $s7 = 446493567
+----BEFORE-----
collatz_line(8880)
8880 4440 2220 1110 555
+----AFTER-----
| $s0 = -1082203013
| $s1 = -1980586361
| $s2 = 1130954849
| $s3 = 1964676410
| $s4 = 1560688639
| $s5 = 374954657
| $s6 = 362753346
| $s7 = 446493567
+--------------------------------
| $s0 = -1876510412
| $s1 = 272572276
| $s2 = -576440161
| $s3 = 531870849
| $s4 = 1220663562
| $s5 = -2130045856
| $s6 = 1590017856
| $s7 = 163738634
+----BEFORE-----
collatz_line(1)
1
+----AFTER-----
| $s0 = -1876510412
| $s1 = 272572276
| $s2 = -576440161
| $s3 = 531870849
| $s4 = 1220663562
| $s5 = -2130045856
| $s6 = 1590017856
| $s7 = 163738634
+--------------------------------
| $s0 = 228411931
| $s1 = -1253919962
| $s2 = -226850814
| $s3 = -1738349958
| $s4 = 51588672
| $s5 = 242806281
| $s6 = -698842929
| $s7 = -1044770186
+----BEFORE-----
collatz_line(69)
69
+----AFTER-----
| $s0 = 228411931
| $s1 = -1253919962
| $s2 = -226850814
| $s3 = -1738349958
| $s4 = 51588672
| $s5 = 242806281
| $s6 = -698842929
| $s7 = -1044770186
+--------------------------------
| $s0 = 346806603
| $s1 = 1180801837
| $s2 = -887746003
| $s3 = 1461747787
| $s4 = 1042019921
| $s5 = 1997080806
| $s6 = -1783686285
| $s7 = 1820540211
+----BEFORE-----
collatz_line(987654321)
987654321
+----AFTER-----
| $s0 = 346806603
| $s1 = 1180801837
| $s2 = -887746003
| $s3 = 1461747787
| $s4 = 1042019921
| $s5 = 1997080806
| $s6 = -1783686285
| $s7 = 1820540211
+--------------------------------
| $s0 = 778743314
| $s1 = -1367204358
| $s2 = 414996341
| $s3 = -1307274284
| $s4 = 1352244192
| $s5 = 1508008375
| $s6 = -344424932
| $s7 = -1234174542
+----BEFORE-----
collatz(1)
1
collatz(1) completed after 0 calls to collatz_line().

+----AFTER-----
| $s0 = 778743314
| $s1 = -1367204358
| $s2 = 414996341
| $s3 = -1307274284
| $s4 = 1352244192
| $s5 = 1508008375
| $s6 = -344424932
| $s7 = -1234174542
+--------------------------------
| $s0 = 471342486
| $s1 = -2027561720
| $s2 = -863049461
| $s3 = -1211184904
| $s4 = 1553044606
| $s5 = -966265172
| $s6 = -1768737954
| $s7 = -1727724753
+----BEFORE-----
collatz(69)
69
208 104 52 26 13
40 20 10 5
16 8 4 2 1
collatz(69) completed after 3 calls to collatz_line().

+----AFTER-----
| $s0 = 471342486
| $s1 = -2027561720
| $s2 = -863049461
| $s3 = -1211184904
| $s4 = 1553044606
| $s5 = -966265172
| $s6 = -1768737954
| $s7 = -1727724753
+--------------------------------
| $s0 = 1335900871
| $s1 = -465911442
| $s2 = 230030724
| $s3 = 1409833602
| $s4 = 1895547192
| $s5 = 1921841609
| $s6 = 948837297
| $s7 = -482491252
+----BEFORE-----
collatz(1337)
1337
4012 2006 1003
3010 1505
4516 2258 1129
3388 1694 847
2542 1271
3814 1907
5722 2861
8584 4292 2146 1073
3220 1610 805
2416 1208 604 302 151
454 227
682 341
1024 512 256 128 64 32 16 8 4 2 1
collatz(1337) completed after 13 calls to collatz_line().

+----AFTER-----
| $s0 = 1335900871
| $s1 = -465911442
| $s2 = 230030724
| $s3 = 1409833602
| $s4 = 1895547192
| $s5 = 1921841609
| $s6 = 948837297
| $s7 = -482491252
+--------------------------------
| $s0 = -1687622307
| $s1 = -1557626978
| $s2 = 684277896
| $s3 = -734605480
| $s4 = 1827375097
| $s5 = -870152378
| $s6 = -2098933400
| $s7 = 1604617322
+----BEFORE-----
collatz(999999)
999999
2999998 1499999
4499998 2249999
6749998 3374999
10124998 5062499
15187498 7593749
22781248 11390624 5695312 2847656 1423828 711914 355957
1067872 533936 266968 133484 66742 33371
100114 50057
150172 75086 37543
112630 56315
168946 84473
253420 126710 63355
190066 95033
285100 142550 71275
213826 106913
320740 160370 80185
240556 120278 60139
180418 90209
270628 135314 67657
202972 101486 50743
152230 76115
228346 114173
342520 171260 85630 42815
128446 64223
192670 96335
289006 144503
433510 216755
650266 325133
975400 487700 243850 121925
365776 182888 91444 45722 22861
68584 34292 17146 8573
25720 12860 6430 3215
9646 4823
14470 7235
21706 10853
32560 16280 8140 4070 2035
6106 3053
9160 4580 2290 1145
3436 1718 859
2578 1289
3868 1934 967
2902 1451
4354 2177
6532 3266 1633
4900 2450 1225
3676 1838 919
2758 1379
4138 2069
6208 3104 1552 776 388 194 97
292 146 73
220 110 55
166 83
250 125
376 188 94 47
142 71
214 107
322 161
484 242 121
364 182 91
274 137
412 206 103
310 155
466 233
700 350 175
526 263
790 395
1186 593
1780 890 445
1336 668 334 167
502 251
754 377
1132 566 283
850 425
1276 638 319
958 479
1438 719
2158 1079
3238 1619
4858 2429
7288 3644 1822 911
2734 1367
4102 2051
6154 3077
9232 4616 2308 1154 577
1732 866 433
1300 650 325
976 488 244 122 61
184 92 46 23
70 35
106 53
160 80 40 20 10 5
16 8 4 2 1
collatz(999999) completed after 92 calls to collatz_line().

+----AFTER-----
| $s0 = -1687622307
| $s1 = -1557626978
| $s2 = 684277896
| $s3 = -734605480
| $s4 = 1827375097
| $s5 = -870152378
| $s6 = -2098933400
| $s7 = 1604617322
+--------------------------------
| $s0 = 1910815116
| $s1 = 2110521154
| $s2 = 2023078814
| $s3 = 1713304658
| $s4 = 1879572273
| $s5 = 1207442530
| $s6 = -1468621329
| $s7 = -485207165
+----BEFORE-----
collatz(888888)
888888 444444 222222 111111
333334 166667
500002 250001
750004 375002 187501
562504 281252 140626 70313
210940 105470 52735
158206 79103
237310 118655
355966 177983
533950 266975
800926 400463
1201390 600695
1802086 901043
2703130 1351565
4054696 2027348 1013674 506837
1520512 760256 380128 190064 95032 47516 23758 11879
35638 17819
53458 26729
80188 40094 20047
60142 30071
90214 45107
135322 67661
202984 101492 50746 25373
76120 38060 19030 9515
28546 14273
42820 21410 10705
32116 16058 8029
24088 12044 6022 3011
9034 4517
13552 6776 3388 1694 847
2542 1271
3814 1907
5722 2861
8584 4292 2146 1073
3220 1610 805
2416 1208 604 302 151
454 227
682 341
1024 512 256 128 64 32 16 8 4 2 1
collatz(888888) completed after 38 calls to collatz_line().

+----AFTER-----
| $s0 = 1910815116
| $s1 = 2110521154
| $s2 = 2023078814
| $s3 = 1713304658
| $s4 = 1879572273
| $s5 = 1207442530
| $s6 = -1468621329
| $s7 = -485207165
+--------------------------------
| $s0 = -1595750104
| $s1 = -492511571
| $s2 = 1521727131
| $s3 = 1912903221
| $s4 = -462523732
| $s5 = -1776837576
| $s6 = -2047866936
| $s7 = 1508083996
+----BEFORE-----
collatz(4369)
4369
13108 6554 3277
9832 4916 2458 1229
3688 1844 922 461
1384 692 346 173
520 260 130 65
196 98 49
148 74 37
112 56 28 14 7
22 11
34 17
52 26 13
40 20 10 5
16 8 4 2 1
collatz(4369) completed after 13 calls to collatz_line().

+----AFTER-----
| $s0 = -1595750104
| $s1 = -492511571
| $s2 = 1521727131
| $s3 = 1912903221
| $s4 = -462523732
| $s5 = -1776837576
| $s6 = -2047866936
| $s7 = 1508083996
+--------------------------------
| $s0 = -1503523862
| $s1 = 552086036
| $s2 = 324687855
| $s3 = -790287634
| $s4 = -1616290985
| $s5 = -411368431
| $s6 = -549095199
| $s7 = 551130513
+----BEFORE-----
collatz(2)
2 1
collatz(2) completed after 0 calls to collatz_line().

+----AFTER-----
| $s0 = -1503523862
| $s1 = 552086036
| $s2 = 324687855
| $s3 = -790287634
| $s4 = -1616290985
| $s5 = -411368431
| $s6 = -549095199
| $s7 = 551130513
+--------------------------------
| $s0 = 1764229051
| $s1 = -64463775
| $s2 = -703193784
| $s3 = 527328985
| $s4 = -1528088373
| $s5 = 1292885739
| $s6 = 1889832448
| $s7 = 1532794241
+----BEFORE-----
percentSearch("Hello%World!")
  returned: 5
+----AFTER-----
| $s0 = 1764229051
| $s1 = -64463775
| $s2 = -703193784
| $s3 = 527328985
| $s4 = -1528088373
| $s5 = 1292885739
| $s6 = 1889832448
| $s7 = 1532794241
+--------------------------------
| $s0 = 794509436
| $s1 = 716215780
| $s2 = 1454751355
| $s3 = -1931383578
| $s4 = 1240130604
| $s5 = -1750892984
| $s6 = 1747623604
| $s7 = -529119047
+----BEFORE-----
percentSearch("%HelloWorld!")
  returned: 0
+----AFTER-----
| $s0 = 794509436
| $s1 = 716215780
| $s2 = 1454751355
| $s3 = -1931383578
| $s4 = 1240130604
| $s5 = -1750892984
| $s6 = 1747623604
| $s7 = -529119047
+--------------------------------
| $s0 = 2017547269
| $s1 = -1289750319
| $s2 = 1256896546
| $s3 = -40270353
| $s4 = -628731630
| $s5 = -1678481431
| $s6 = 2065871734
| $s7 = -917165015
+----BEFORE-----
percentSearch("HelloWorld!")
  returned: -1
+----AFTER-----
| $s0 = 2017547269
| $s1 = -1289750319
| $s2 = 1256896546
| $s3 = -40270353
| $s4 = -628731630
| $s5 = -1678481431
| $s6 = 2065871734
| $s7 = -917165015
+--------------------------------
| $s0 = -1275116828
| $s1 = 1566184676
| $s2 = 1672630410
| $s3 = -1630788020
| $s4 = -222051314
| $s5 = 1528371459
| $s6 = -1156571209
| $s7 = 1822815134
+----BEFORE-----
percentSearch("HelloWorld!%")
  returned: 11
+----AFTER-----
| $s0 = -1275116828
| $s1 = 1566184676
| $s2 = 1672630410
| $s3 = -1630788020
| $s4 = -222051314
| $s5 = 1528371459
| $s6 = -1156571209
| $s7 = 1822815134
+--------------------------------
| $s0 = 211642717
| $s1 = 1392805747
| $s2 = 1382540546
| $s3 = 923009615
| $s4 = -1295292797
| $s5 = 441274911
| $s6 = -2087759645
| $s7 = -548444383
+----BEFORE-----
percentSearch("%He%llo%World!%")
  returned: 0
+----AFTER-----
| $s0 = 211642717
| $s1 = 1392805747
| $s2 = 1382540546
| $s3 = 923009615
| $s4 = -1295292797
| $s5 = 441274911
| $s6 = -2087759645
| $s7 = -548444383
+--------------------------------
| $s0 = -663135886
| $s1 = 2088692454
| $s2 = -1193140810
| $s3 = -1618019257
| $s4 = -1615828029
| $s5 = 119300094
| $s6 = -1038957204
| $s7 = 328095510
+----BEFORE-----
percentSearch("Sed ut perspiciatis unde omnis iste natus error sit voluptatem accusantium doloremque laudantium, totam rem aperiam, eaque ipsa quae ab illo inventore veritatis et quasi architecto beatae vitae dicta sunt explicabo. Nemo enim ipsam voluptatem quia voluptas sit aspernatur aut odit aut fugit, sed quia consequuntur magni dolores eos qui ratione voluptatem sequi nesciunt. Neque porro quisquam est, qui dolorem ipsum quia dolor sit amet, consectetur, adipisci velit, sed quia non numquam eius modi tempora incidunt % ut labore et dolore magnam aliquam quaerat voluptatem. Ut enim ad minima veniam, quis nostrum exercitationem ullam corporis suscipit laboriosam, nisi ut aliquid ex ea commodi consequatur? Quis autem vel eum iure reprehenderit qui in ea voluptate velit esse quam nihil molestiae consequatur, vel illum qui dolorem eum fugiat quo voluptas nulla pariatur?")
  returned: 513
+----AFTER-----
| $s0 = -663135886
| $s1 = 2088692454
| $s2 = -1193140810
| $s3 = -1618019257
| $s4 = -1615828029
| $s5 = 119300094
| $s6 = -1038957204
| $s7 = 328095510
+--------------------------------
| $s0 = 1047471689
| $s1 = -1927814868
| $s2 = -1420961797
| $s3 = -1058623615
| $s4 = 1175040486
| $s5 = 555009240
| $s6 = -518227041
| $s7 = -1681223999
+----BEFORE-----
percentSearch("")
  returned: -1
+----AFTER-----
| $s0 = 1047471689
| $s1 = -1927814868
| $s2 = -1420961797
| $s3 = -1058623615
| $s4 = 1175040486
| $s5 = 555009240
| $s6 = -518227041
| $s7 = -1681223999
+--------------------------------
| $s0 = -1771513052
| $s1 = 1048959724
| $s2 = -59226597
| $s3 = -1315328494
| $s4 = -72756894
| $s5 = -481635395
| $s6 = 281261848
| $s7 = 278979801
+----BEFORE-----
letterTree(-3)
a
  returned: -3
+----AFTER-----
| $s0 = -1771513052
| $s1 = 1048959724
| $s2 = -59226597
| $s3 = -1315328494
| $s4 = -72756894
| $s5 = -481635395
| $s6 = 281261848
| $s7 = 278979801
+--------------------------------
| $s0 = -772098155
| $s1 = -967013567
| $s2 = -124176255
| $s3 = -724390945
| $s4 = 9731397
| $s5 = -297147102
| $s6 = 182066134
| $s7 = 1289368190
+----BEFORE-----
letterTree(3)
a
dd
ggg
jjjj
mmmmm
pppppp
sssssss
vvvvvvvv
yyyyyyyyy
  returned: 27
+----AFTER-----
| $s0 = -772098155
| $s1 = -967013567
| $s2 = -124176255
| $s3 = -724390945
| $s4 = 9731397
| $s5 = -297147102
| $s6 = 182066134
| $s7 = 1289368190
+--------------------------------
| $s0 = -1341441772
| $s1 = 896861868
| $s2 = 978096434
| $s3 = -941899038
| $s4 = 744318270
| $s5 = 1250789728
| $s6 = 222411048
| $s7 = -1250509212
+----BEFORE-----
letterTree(2147483647)
a
  returned: 2147483647
+----AFTER-----
| $s0 = -1341441772
| $s1 = 896861868
| $s2 = 978096434
| $s3 = -941899038
| $s4 = 744318270
| $s5 = 1250789728
| $s6 = 222411048
| $s7 = -1250509212
+--------------------------------
| $s0 = 675131046
| $s1 = 422772093
| $s2 = -297293738
| $s3 = 1733347607
| $s4 = -836279840
| $s5 = 39361684
| $s6 = 1583973658
| $s7 = -966603539
+----BEFORE-----
letterTree(-10)
a
ww
mmm
cccc
yyyyy
oooooo
eeeeeee
  returned: -70
+----AFTER-----
| $s0 = 675131046
| $s1 = 422772093
| $s2 = -297293738
| $s3 = 1733347607
| $s4 = -836279840
| $s5 = 39361684
| $s6 = 1583973658
| $s7 = -966603539
+--------------------------------
| $s0 = 714060589
| $s1 = -1211361297
| $s2 = -2091495659
| $s3 = -16864473
| $s4 = -49469101
| $s5 = -1625337853
| $s6 = 1767356351
| $s7 = 1918952000
+----BEFORE-----
letterTree(20)
a
uu
iii
  returned: 60
+----AFTER-----
| $s0 = 714060589
| $s1 = -1211361297
| $s2 = -2091495659
| $s3 = -16864473
| $s4 = -49469101
| $s5 = -1625337853
| $s6 = 1767356351
| $s7 = 1918952000
+--------------------------------
| $s0 = 1332774932
| $s1 = 1066461805
| $s2 = 238633727
| $s3 = -261961290
| $s4 = -998246436
| $s5 = 1266373694
| $s6 = -226410531
| $s7 = -1143293634
+----BEFORE-----
letterTree(50)
a
ss
eee
wwww
iiiii
  returned: 250
+----AFTER-----
| $s0 = 1332774932
| $s1 = 1066461805
| $s2 = 238633727
| $s3 = -261961290
| $s4 = -998246436
| $s5 = 1266373694
| $s6 = -226410531
| $s7 = -1143293634
+--------------------------------
| $s0 = 1920560569
| $s1 = -1514270472
| $s2 = 172832876
| $s3 = 651752470
| $s4 = -1250263771
| $s5 = 280308647
| $s6 = 684179592
| $s7 = 570983034
+----BEFORE-----
letterTree(69)
a
ff
kkk
pppp
uuuuu
zzzzzz
  returned: 414
+----AFTER-----
| $s0 = 1920560569
| $s1 = -1514270472
| $s2 = 172832876
| $s3 = 651752470
| $s4 = -1250263771
| $s5 = 280308647
| $s6 = 684179592
| $s7 = 570983034
+--------------------------------
| $s0 = -190259099
| $s1 = -772823601
| $s2 = -330070199
| $s3 = -760232813
| $s4 = 677632785
| $s5 = -308541991
| $s6 = -2101093769
| $s7 = -17366124
+----BEFORE-----
letterTree(4444)
a
  returned: 4444
+----AFTER-----
| $s0 = -190259099
| $s1 = -772823601
| $s2 = -330070199
| $s3 = -760232813
| $s4 = 677632785
| $s5 = -308541991
| $s6 = -2101093769
| $s7 = -17366124
