45
1
239
19
4 2 1
5
392 196 98 49
593
55
2 1
563
95
25
45
136 68 34 17
52 26 13
40 20 10 5
16 8 4 2 1
collatz(45) completed after 4 calls to collatz_line().

1
collatz(1) completed after 0 calls to collatz_line().

239
718 359
1078 539
1618 809
2428 1214 607
1822 911
2734 1367
4102 2051
6154 3077
9232 4616 2308 1154 577
1732 866 433
1300 650 325
976 488 244 122 61
184 92 46 23
70 35
106 53
160 80 40 20 10 5
16 8 4 2 1
collatz(239) completed after 17 calls to collatz_line().

19
58 29
88 44 22 11
34 17
52 26 13
40 20 10 5
16 8 4 2 1
collatz(19) completed after 6 calls to collatz_line().

4 2 1
collatz(4) completed after 0 calls to collatz_line().

5
16 8 4 2 1
collatz(5) completed after 1 calls to collatz_line().

392 196 98 49
148 74 37
112 56 28 14 7
22 11
34 17
52 26 13
40 20 10 5
16 8 4 2 1
collatz(392) completed after 7 calls to collatz_line().

593
1780 890 445
1336 668 334 167
502 251
754 377
1132 566 283
850 425
1276 638 319
958 479
1438 719
2158 1079
3238 1619
4858 2429
7288 3644 1822 911
2734 1367
4102 2051
6154 3077
9232 4616 2308 1154 577
1732 866 433
1300 650 325
976 488 244 122 61
184 92 46 23
70 35
106 53
160 80 40 20 10 5
16 8 4 2 1
collatz(593) completed after 25 calls to collatz_line().

55
166 83
250 125
376 188 94 47
142 71
214 107
322 161
484 242 121
364 182 91
274 137
412 206 103
310 155
466 233
700 350 175
526 263
790 395
1186 593
1780 890 445
1336 668 334 167
502 251
754 377
1132 566 283
850 425
1276 638 319
958 479
1438 719
2158 1079
3238 1619
4858 2429
7288 3644 1822 911
2734 1367
4102 2051
6154 3077
9232 4616 2308 1154 577
1732 866 433
1300 650 325
976 488 244 122 61
184 92 46 23
70 35
106 53
160 80 40 20 10 5
16 8 4 2 1
collatz(55) completed after 41 calls to collatz_line().

2 1
collatz(2) completed after 0 calls to collatz_line().

563
1690 845
2536 1268 634 317
952 476 238 119
358 179
538 269
808 404 202 101
304 152 76 38 19
58 29
88 44 22 11
34 17
52 26 13
40 20 10 5
16 8 4 2 1
collatz(563) completed after 13 calls to collatz_line().

95
286 143
430 215
646 323
970 485
1456 728 364 182 91
274 137
412 206 103
310 155
466 233
700 350 175
526 263
790 395
1186 593
1780 890 445
1336 668 334 167
502 251
754 377
1132 566 283
850 425
1276 638 319
958 479
1438 719
2158 1079
3238 1619
4858 2429
7288 3644 1822 911
2734 1367
4102 2051
6154 3077
9232 4616 2308 1154 577
1732 866 433
1300 650 325
976 488 244 122 61
184 92 46 23
70 35
106 53
160 80 40 20 10 5
16 8 4 2 1
collatz(95) completed after 38 calls to collatz_line().

25
76 38 19
58 29
88 44 22 11
34 17
52 26 13
40 20 10 5
16 8 4 2 1
collatz(25) completed after 7 calls to collatz_line().

-1
0
3
1
5
7
v
ii
hhh
wwww
ooooo
hhhhhh
eeeeeee
iiiiiiii
ttttttttt
27
v
tt
eee
tttt
jjjjj
125
v
ww
hhh
hhhh
aaaaa
tttttt
1950
v
ww
eee
wwww
9436
v
tt
ooo
aaaa
ooooo
wwwwww
ooooooo
wwwwwwww
ttttttttt
iiiiiiiiii
eeeeeeeeeee
tttttttttttt
jjjjjjjjjjjjj
hhhhhhhhhhhhhh
5530
v
hh
aaa
8862
v
ii
hhh
wwww
ooooo
hhhhhh
eeeeeee
iiiiiiii
ttttttttt
315
v
31
v
ww
hhh
hhhh
aaaaa
tttttt
30
v
oo
jjj
hhhh
eeeee
hhhhhh
ooooooo
eeeeeeee
ttttttttt
eeeeeeeeee
aaaaaaaaaaa
oooooooooooo
ttttttttttttt
26
v
oo
hhh
tttt
ooooo
95
