5
This is the tail message, with trailing constant 0x170c

+-----------------------------------------------------------+
|    Magic Value (popped from the stack):                   |
+-----------------------------------------------------------+
0000fe82

+-----------------------------------------------------------+
|    Testcase Register Dump (fp, then 8 sX regs):           |
+-----------------------------------------------------------+
263423d1
0000eefd
0000b50d
00009b84
0000d246
00009ade
00003946
000024b1
00007d97
