0
9
18
21
22
26
28
30
31
----
0
28
18
9
26
21
22
30
31

9
----
9

9
18
21
22
26
----
18
9
26
21
22

21
22
----
21
22

22
----
22

21
22
26
----
26
21
22

9
18
21
22
26
28
30
31
----
28
18
9
26
21
22
30
31

30
31
----
30
31

31
----
31

0
9
18
21
22
26
28
30
31
97
1000
----
97
0
28
18
9
26
21
22
30
31
1000

1000
----
1000


+-----------------------------------------------------------+
|    Magic Value (popped from the stack):                   |
+-----------------------------------------------------------+
6a4e0d69

+-----------------------------------------------------------+
|    Testcase Register Dump (fp, then 8 sX regs):           |
+-----------------------------------------------------------+
caa37d5d
7d5da3cc
a3cc6f98
6f98695e
695e77de
77dea145
a1457b79
7b79e909
e9096a4e
