-19
-10
-9
7
21
22
31
52
100
---
21
-9
-10
-19
7
31
22
52
100

-19
-10
-9
7
21
22
31
52
---
21
-9
-10
-19
7
31
22
52

-19
-9
7
21
22
31
52
---
21
-9
-19
7
31
22
52

-19
-9
7
21
22
31
---
21
-9
-19
7
31
22

-9
7
21
22
31
---
21
-9
7
31
22

-9
21
22
31
---
21
-9
31
22

-9
21
31
---
21
-9
31

-9
21
---
21
-9

21
---
21


+-----------------------------------------------------------+
|    Magic Value (popped from the stack):                   |
+-----------------------------------------------------------+
d5c1e201

+-----------------------------------------------------------+
|    Testcase Register Dump (fp, then 8 sX regs):           |
+-----------------------------------------------------------+
8539b61b
b61b4a4b
4a4b0843
0843c42d
c42d48ad
48ad1a34
1a340065
006556ce
56ced5c1
