10
5
4
2
4
1
2
1
1
1

+-----------------------------------------------------------+
|    Magic Value (popped from the stack):                   |
+-----------------------------------------------------------+
d5c1e201

+-----------------------------------------------------------+
|    Testcase Register Dump (fp, then 8 sX regs):           |
+-----------------------------------------------------------+
8539b61b
b61b4a4b
4a4b0843
0843c42d
c42d48ad
48ad1a34
1a340065
006556ce
56ced5c1
