
Dumping out the contents of all of the objects:
305419896
-267670254
-1059786739
-39
0
0
53
0
0
-30
0
0
-2
-3
-4

+-----------------------------------------------------------+
|    Magic Value (popped from the stack):                   |
+-----------------------------------------------------------+
6a4e0d69

+-----------------------------------------------------------+
|    Testcase Register Dump (fp, then 8 sX regs):           |
+-----------------------------------------------------------+
caa37d5d
7d5da3cc
a3cc6f98
6f98695e
695e77de
77dea145
a1457b79
7b79e909
e9096a4e
