minimum: -10
NEGATE


Testcase Variable Dump:
5
10
0
-5
-10
-15
1
1
0
0
