NEGATE


Testcase Variable Dump:
5
10
0
-5
-10
-15
0
1
0
0
