Sequence: 16 ( 17 30 31 38 40 43 54 67 76 88 99 )
Sequence: 16 ) ( 17 30 31 38 40 43 54 67 76 88 99
Sequence: 16 17 30 31 38 40 43 54 67 76 88 99
Sequence: 17 ( 30 31 38 40 43 54 67 76 88 99 )
Sequence: 17 ) ( 30 31 38 40 43 54 67 76 88 99
Sequence: 17 30 31 38 40 43 54 67 76 88 99
Sequence: 30 ( 31 38 40 43 54 67 76 88 99 )
Sequence: 30 ) ( 31 38 40 43 54 67 76 88 99
Sequence: 30 31 38 40 43 54 67 76 88 99
Sequence: 31 ( 38 40 43 54 67 76 88 99 )
Sequence: 31 ) ( 38 40 43 54 67 76 88 99
Sequence: 31 38 40 43 54 67 76 88 99
Sequence: 38 ( 40 43 54 67 76 88 99 )
Sequence: 38 ) ( 40 43 54 67 76 88 99
Sequence: 38 40 43 54 67 76 88 99
Sequence: 40 ( 43 54 67 76 88 99 )
Sequence: 40 ) ( 43 54 67 76 88 99
Sequence: 40 43 54 67 76 88 99
Sequence: 43 ( 54 67 76 88 99 )
Sequence: 43 ) ( 54 67 76 88 99
Sequence: 43 54 67 76 88 99
Sequence: 54 ( 67 76 88 99 )
Sequence: 54 ) ( 67 76 88 99
Sequence: 54 67 76 88 99
Sequence: 67 ( 76 88 99 )
Sequence: 67 ) ( 76 88 99
Sequence: 67 76 88 99
Sequence: 76 ( 88 99 )
Sequence: 76 ) ( 88 99
Sequence: 76 88 99
Sequence: 88 ( 99 )
Sequence: 88 ) ( 99
Sequence: 88 99
Sequence: 88 99
Sequence: 76 88 99
Sequence: 67 76 88 99
Sequence: 54 67 76 88 99
Sequence: 43 54 67 76 88 99
Sequence: 40 43 54 67 76 88 99
Sequence: 38 40 43 54 67 76 88 99
Sequence: 31 38 40 43 54 67 76 88 99
Sequence: 30 31 38 40 43 54 67 76 88 99
Sequence: 17 30 31 38 40 43 54 67 76 88 99
Sequence: 16 17 30 31 38 40 43 54 67 76 88 99

Sequence: 95 ( 90 73 52 52 45 9 7 7 2 )
Sequence: 95 90 73 52 52 45 9 7 7 2 )
Sequence: 2 90 73 52 52 45 9 7 7 95
Sequence: 2 ( 90 73 52 52 45 9 7 7 )
Sequence: 2 ) ( 90 73 52 52 45 9 7 7
Sequence: 2 90 73 52 52 45 9 7 7
Sequence: 90 ( 73 52 52 45 9 7 7 )
Sequence: 90 73 52 52 45 9 7 7 )
Sequence: 7 73 52 52 45 9 7 90
Sequence: 7 ( 73 52 52 45 9 7 )
Sequence: 7 ( 73 52 52 45 9 7 )
Sequence: 7 7 ( 52 52 45 9 ) 73
Sequence: 7 7 ) ( 52 52 45 9 73
Sequence: 7 7 52 52 45 9 73
Sequence: 52 ( 52 45 9 73 )
Sequence: 52 52 45 9 ) ( 73
Sequence: 9 52 45 52 73
Sequence: 9 ( 52 45 )
Sequence: 9 ) ( 52 45
Sequence: 9 52 45
Sequence: 52 ( 45 )
Sequence: 52 45 )
Sequence: 45 52
Sequence: 45 52
Sequence: 9 45 52
Sequence: 9 45 52 52 73
Sequence: 7 7 9 45 52 52 73
Sequence: 7 7 9 45 52 52 73 90
Sequence: 2 7 7 9 45 52 52 73 90
Sequence: 2 7 7 9 45 52 52 73 90 95
This is the tail message, with trailing constant 0xb02a

+-----------------------------------------------------------+
|    Magic Value (popped from the stack):                   |
+-----------------------------------------------------------+
00008441

+-----------------------------------------------------------+
|    Testcase Register Dump (fp, then 8 sX regs):           |
+-----------------------------------------------------------+
9ecaa400
0000bfda
0000e4e7
000032c3
000031b9
00006a3f
00007b53
0000ffb6
00001220
