The numbers: 14 ( 4 9 84 60 23 2 16 35 46 66 63 44 54 24 100 42 75 3 43 89 78 0 5 81 33 87 30 17 3 50 25 )
The numbers: 14 4 9 ( 84 60 23 2 16 35 46 66 63 44 54 24 100 42 75 3 43 89 78 0 5 81 33 87 30 17 3 ) 50 25
The numbers: 14 4 9 3 ( 60 23 2 16 35 46 66 63 44 54 24 100 42 75 3 43 89 78 0 5 81 33 87 30 17 ) 84 50 25
The numbers: 14 4 9 3 ( 60 23 2 16 35 46 66 63 44 54 24 100 42 75 3 43 89 78 0 5 ) 81 33 87 30 17 84 50 25
The numbers: 14 4 9 3 5 ( 23 2 16 35 46 66 63 44 54 24 100 42 75 3 43 89 78 0 ) 60 81 33 87 30 17 84 50 25
The numbers: 14 4 9 3 5 ( 23 2 16 35 46 66 63 44 54 24 100 42 75 3 43 89 78 0 ) 60 81 33 87 30 17 84 50 25
The numbers: 14 4 9 3 5 0 ( 2 16 35 46 66 63 44 54 24 100 42 75 3 43 89 78 ) 23 60 81 33 87 30 17 84 50 25
The numbers: 14 4 9 3 5 0 2 ( 16 35 46 66 63 44 54 24 100 42 75 3 ) 43 89 78 23 60 81 33 87 30 17 84 50 25
The numbers: 14 4 9 3 5 0 2 3 ( 35 46 66 63 44 54 24 100 42 75 ) 16 43 89 78 23 60 81 33 87 30 17 84 50 25
The numbers: 14 4 9 3 5 0 2 3 ) ( 35 46 66 63 44 54 24 100 42 75 16 43 89 78 23 60 81 33 87 30 17 84 50 25
The numbers: 3 4 9 3 5 0 2 14 35 46 66 63 44 54 24 100 42 75 16 43 89 78 23 60 81 33 87 30 17 84 50 25
The numbers: 3 ( 4 9 3 5 0 2 )
The numbers: 3 ( 4 9 3 5 0 2 )
The numbers: 3 2 ( 9 3 5 0 ) 4
The numbers: 3 2 ( 9 3 5 0 ) 4
The numbers: 3 2 0 ( 3 5 ) 9 4
The numbers: 3 2 0 3 ) ( 5 9 4
The numbers: 3 2 0 3 5 9 4
The numbers: 3 ( 2 0 )
The numbers: 3 2 0 )
The numbers: 0 2 3
The numbers: 0 ( 2 )
The numbers: 0 ) ( 2
The numbers: 0 2
The numbers: 0 2
The numbers: 0 2 3
The numbers: 5 ( 9 4 )
The numbers: 5 ( 9 4 )
The numbers: 5 4 ) ( 9
The numbers: 4 5 9
The numbers: 4 5 9
The numbers: 0 2 3 3 4 5 9
The numbers: 35 ( 46 66 63 44 54 24 100 42 75 16 43 89 78 23 60 81 33 87 30 17 84 50 25 )
The numbers: 35 ( 46 66 63 44 54 24 100 42 75 16 43 89 78 23 60 81 33 87 30 17 84 50 25 )
The numbers: 35 25 ( 66 63 44 54 24 100 42 75 16 43 89 78 23 60 81 33 87 30 17 84 50 ) 46
The numbers: 35 25 ( 66 63 44 54 24 100 42 75 16 43 89 78 23 60 81 33 87 30 17 ) 84 50 46
The numbers: 35 25 17 ( 63 44 54 24 100 42 75 16 43 89 78 23 60 81 33 87 30 ) 66 84 50 46
The numbers: 35 25 17 ( 63 44 54 24 100 42 75 16 43 89 78 23 60 81 33 87 30 ) 66 84 50 46
The numbers: 35 25 17 30 ( 44 54 24 100 42 75 16 43 89 78 23 60 81 33 87 ) 63 66 84 50 46
The numbers: 35 25 17 30 ( 44 54 24 100 42 75 16 43 89 78 23 60 81 33 ) 87 63 66 84 50 46
The numbers: 35 25 17 30 33 ( 54 24 100 42 75 16 43 89 78 23 60 81 ) 44 87 63 66 84 50 46
The numbers: 35 25 17 30 33 ( 54 24 100 42 75 16 43 89 78 23 ) 60 81 44 87 63 66 84 50 46
The numbers: 35 25 17 30 33 23 ( 24 100 42 75 16 43 89 78 ) 54 60 81 44 87 63 66 84 50 46
The numbers: 35 25 17 30 33 23 24 ( 100 42 75 16 ) 43 89 78 54 60 81 44 87 63 66 84 50 46
The numbers: 35 25 17 30 33 23 24 16 ( 42 75 ) 100 43 89 78 54 60 81 44 87 63 66 84 50 46
The numbers: 35 25 17 30 33 23 24 16 ) ( 42 75 100 43 89 78 54 60 81 44 87 63 66 84 50 46
The numbers: 16 25 17 30 33 23 24 35 42 75 100 43 89 78 54 60 81 44 87 63 66 84 50 46
The numbers: 16 ( 25 17 30 33 23 24 )
The numbers: 16 ) ( 25 17 30 33 23 24
The numbers: 16 25 17 30 33 23 24
The numbers: 25 ( 17 30 33 23 24 )
The numbers: 25 17 ( 30 33 23 24 )
The numbers: 25 17 24 ( 33 23 ) 30
The numbers: 25 17 24 ( 33 23 ) 30
The numbers: 25 17 24 23 ) ( 33 30
The numbers: 23 17 24 25 33 30
The numbers: 23 ( 17 24 )
The numbers: 23 17 ) ( 24
The numbers: 17 23 24
The numbers: 17 23 24
The numbers: 33 ( 30 )
The numbers: 33 30 )
The numbers: 30 33
The numbers: 30 33
The numbers: 17 23 24 25 30 33
The numbers: 16 17 23 24 25 30 33
The numbers: 42 ( 75 100 43 89 78 54 60 81 44 87 63 66 84 50 46 )
The numbers: 42 ) ( 75 100 43 89 78 54 60 81 44 87 63 66 84 50 46
The numbers: 42 75 100 43 89 78 54 60 81 44 87 63 66 84 50 46
The numbers: 75 ( 100 43 89 78 54 60 81 44 87 63 66 84 50 46 )
The numbers: 75 ( 100 43 89 78 54 60 81 44 87 63 66 84 50 46 )
The numbers: 75 46 ( 43 89 78 54 60 81 44 87 63 66 84 50 ) 100
The numbers: 75 46 43 ( 89 78 54 60 81 44 87 63 66 84 50 ) 100
The numbers: 75 46 43 50 ( 78 54 60 81 44 87 63 66 84 ) 89 100
The numbers: 75 46 43 50 ( 78 54 60 81 44 87 63 66 ) 84 89 100
The numbers: 75 46 43 50 66 ( 54 60 81 44 87 63 ) 78 84 89 100
The numbers: 75 46 43 50 66 54 60 ( 81 44 87 63 ) 78 84 89 100
The numbers: 75 46 43 50 66 54 60 63 ( 44 87 ) 81 78 84 89 100
The numbers: 75 46 43 50 66 54 60 63 44 ) ( 87 81 78 84 89 100
The numbers: 44 46 43 50 66 54 60 63 75 87 81 78 84 89 100
The numbers: 44 ( 46 43 50 66 54 60 63 )
The numbers: 44 ( 46 43 ) 50 66 54 60 63
The numbers: 44 43 ) ( 46 50 66 54 60 63
The numbers: 43 44 46 50 66 54 60 63
The numbers: 46 ( 50 66 54 60 63 )
The numbers: 46 ) ( 50 66 54 60 63
The numbers: 46 50 66 54 60 63
The numbers: 50 ( 66 54 60 63 )
The numbers: 50 ) ( 66 54 60 63
The numbers: 50 66 54 60 63
The numbers: 66 ( 54 60 63 )
The numbers: 66 54 60 63 )
The numbers: 63 54 60 66
The numbers: 63 ( 54 60 )
The numbers: 63 54 60 )
The numbers: 60 54 63
The numbers: 60 ( 54 )
The numbers: 60 54 )
The numbers: 54 60
The numbers: 54 60
The numbers: 54 60 63
The numbers: 54 60 63 66
The numbers: 50 54 60 63 66
The numbers: 46 50 54 60 63 66
The numbers: 43 44 46 50 54 60 63 66
The numbers: 87 ( 81 78 84 89 100 )
The numbers: 87 81 78 84 ) ( 89 100
The numbers: 84 81 78 87 89 100
The numbers: 84 ( 81 78 )
The numbers: 84 81 78 )
The numbers: 78 81 84
The numbers: 78 ( 81 )
The numbers: 78 ) ( 81
The numbers: 78 81
The numbers: 78 81
The numbers: 78 81 84
The numbers: 89 ( 100 )
The numbers: 89 ) ( 100
The numbers: 89 100
The numbers: 89 100
The numbers: 78 81 84 87 89 100
The numbers: 43 44 46 50 54 60 63 66 75 78 81 84 87 89 100
The numbers: 42 43 44 46 50 54 60 63 66 75 78 81 84 87 89 100
The numbers: 16 17 23 24 25 30 33 35 42 43 44 46 50 54 60 63 66 75 78 81 84 87 89 100
The numbers: 0 2 3 3 4 5 9 14 16 17 23 24 25 30 33 35 42 43 44 46 50 54 60 63 66 75 78 81 84 87 89 100
This is the tail message, with trailing constant 0x9eca

+-----------------------------------------------------------+
|    Magic Value (popped from the stack):                   |
+-----------------------------------------------------------+
00008441

+-----------------------------------------------------------+
|    Testcase Register Dump (fp, then 8 sX regs):           |
+-----------------------------------------------------------+
75a6a062
0000f7ee
0000b02a
000032c3
000031b9
00006a3f
00007b53
0000ffb6
00001220
