Decimal:
    -1396677887
  +         255
 --------------
    -1396677632
  aNonNeg=0, bNonNeg=1, sumNonNeg=0
  carryOut=0
  overflow=0

Binary:
    1010 1100 1100 0000 0110 0011 0000 0001
  + 0000 0000 0000 0000 0000 0000 1111 1111
 -------------------------------------------
    1010 1100 1100 0000 0110 0100 0000 0000
