Decimal:
            -31
  +         255
 --------------
            224
  aNonNeg=0, bNonNeg=1, sumNonNeg=1
  carryOut=1
  overflow=0

Binary:
    1111 1111 1111 1111 1111 1111 1110 0001
  + 0000 0000 0000 0000 0000 0000 1111 1111
 -------------------------------------------
    0000 0000 0000 0000 0000 0000 1110 0000
