Decimal:
            -13
  +         -19
 --------------
            -32
  aNonNeg=0, bNonNeg=0, sumNonNeg=0
  carryOut=1
  overflow=0

Binary:
    1111 1111 1111 1111 1111 1111 1111 0011
  + 1111 1111 1111 1111 1111 1111 1110 1101
 -------------------------------------------
    1111 1111 1111 1111 1111 1111 1110 0000
