Decimal:
    -2147482880
  + -2147483393
 --------------
           1023
  aNonNeg=0, bNonNeg=0, sumNonNeg=1
  carryOut=1
  overflow=1

Binary:
    1000 0000 0000 0000 0000 0011 0000 0000
  + 1000 0000 0000 0000 0000 0000 1111 1111
 -------------------------------------------
    0000 0000 0000 0000 0000 0011 1111 1111
