Decimal:
       14702338
  - -1879048193
 --------------
     1893750531
  aNonNeg=1, bNonNeg=0, sumNonNeg=1
  carryOut=0
  overflow=0

Binary:
    0000 0000 1110 0000 0101 0111 0000 0010
  - 1000 1111 1111 1111 1111 1111 1111 1111
 -------------------------------------------
    0111 0000 1110 0000 0101 0111 0000 0011
