  10000000000010010000010111001111
----------------------------------
  01111111111101101111101000110001

Decimal===========================
  -2146892337
----------------------------------
  2146892337
