Decimal:
             -1
  -    14702338
 --------------
      -14702339
  aNonNeg=0, bNonNeg=1, sumNonNeg=0
  carryOut=1
  overflow=0

Binary:
    1111 1111 1111 1111 1111 1111 1111 1111
  - 0000 0000 1110 0000 0101 0111 0000 0010
 -------------------------------------------
    1111 1111 0001 1111 1010 1000 1111 1101
