Decimal:
              1
  +          -2
 --------------
             -1
  aNonNeg=1, bNonNeg=0, sumNonNeg=0
  carryOut=0
  overflow=0

Binary:
    0000 0000 0000 0000 0000 0000 0000 0001
  + 0000 0000 0000 0000 0000 0000 0000 0010
 -------------------------------------------
    1111 1111 1111 1111 1111 1111 1111 1111


 --------------------------------------------------------------------------------------
Decimal:
              2
  +          -3
 --------------
             -1
  aNonNeg=1, bNonNeg=0, sumNonNeg=0
  carryOut=0
  overflow=0

Binary:
    0000 0000 0000 0000 0000 0000 0000 0010
  + 0000 0000 0000 0000 0000 0000 0000 0011
 -------------------------------------------
    1111 1111 1111 1111 1111 1111 1111 1111


 --------------------------------------------------------------------------------------
Decimal:
             -3
  +          -3
 --------------
             -6
  aNonNeg=0, bNonNeg=0, sumNonNeg=0
  carryOut=1
  overflow=0

Binary:
    1111 1111 1111 1111 1111 1111 1111 1101
  + 0000 0000 0000 0000 0000 0000 0000 0011
 -------------------------------------------
    1111 1111 1111 1111 1111 1111 1111 1010


 --------------------------------------------------------------------------------------
Decimal:
     2147483647
  +           1
 --------------
    -2147483648
  aNonNeg=1, bNonNeg=1, sumNonNeg=0
  carryOut=0
  overflow=1

Binary:
    0111 1111 1111 1111 1111 1111 1111 1111
  + 1111 1111 1111 1111 1111 1111 1111 1111
 -------------------------------------------
    1000 0000 0000 0000 0000 0000 0000 0000


 --------------------------------------------------------------------------------------
Decimal:
     2147483647
  + -2147483648
 --------------
             -1
  aNonNeg=1, bNonNeg=0, sumNonNeg=0
  carryOut=0
  overflow=0

Binary:
    0111 1111 1111 1111 1111 1111 1111 1111
  + 1000 0000 0000 0000 0000 0000 0000 0000
 -------------------------------------------
    1111 1111 1111 1111 1111 1111 1111 1111


 --------------------------------------------------------------------------------------
Decimal:
    -2147483648
  +          -1
 --------------
     2147483647
  aNonNeg=0, bNonNeg=0, sumNonNeg=1
  carryOut=1
  overflow=1

Binary:
    1000 0000 0000 0000 0000 0000 0000 0000
  + 0000 0000 0000 0000 0000 0000 0000 0001
 -------------------------------------------
    0111 1111 1111 1111 1111 1111 1111 1111


 --------------------------------------------------------------------------------------
Decimal:
     -805306369
  +  -805306369
 --------------
    -1610612738
  aNonNeg=0, bNonNeg=0, sumNonNeg=0
  carryOut=1
  overflow=0

Binary:
    1100 1111 1111 1111 1111 1111 1111 1111
  + 0011 0000 0000 0000 0000 0000 0000 0001
 -------------------------------------------
    1001 1111 1111 1111 1111 1111 1111 1110


 --------------------------------------------------------------------------------------
Decimal:
              0
  +          -1
 --------------
             -1
  aNonNeg=1, bNonNeg=0, sumNonNeg=0
  carryOut=0
  overflow=0

Binary:
    0000 0000 0000 0000 0000 0000 0000 0000
  + 0000 0000 0000 0000 0000 0000 0000 0001
 -------------------------------------------
    1111 1111 1111 1111 1111 1111 1111 1111


 --------------------------------------------------------------------------------------
Decimal:
             -1
  +          -1
 --------------
             -2
  aNonNeg=0, bNonNeg=0, sumNonNeg=0
  carryOut=1
  overflow=0

Binary:
    1111 1111 1111 1111 1111 1111 1111 1111
  + 0000 0000 0000 0000 0000 0000 0000 0001
 -------------------------------------------
    1111 1111 1111 1111 1111 1111 1111 1110


 --------------------------------------------------------------------------------------
Decimal:
    -2147483648
  + -2147483648
 --------------
              0
  aNonNeg=0, bNonNeg=0, sumNonNeg=1
  carryOut=1
  overflow=1

Binary:
    1000 0000 0000 0000 0000 0000 0000 0000
  + 1000 0000 0000 0000 0000 0000 0000 0000
 -------------------------------------------
    0000 0000 0000 0000 0000 0000 0000 0000


 --------------------------------------------------------------------------------------
Decimal:
              0
  +           0
 --------------
              0
  aNonNeg=1, bNonNeg=1, sumNonNeg=1
  carryOut=0
  overflow=0

Binary:
    0000 0000 0000 0000 0000 0000 0000 0000
  + 0000 0000 0000 0000 0000 0000 0000 0000
 -------------------------------------------
    0000 0000 0000 0000 0000 0000 0000 0000


 --------------------------------------------------------------------------------------
Decimal:
     2147483647
  +           0
 --------------
     2147483647
  aNonNeg=1, bNonNeg=1, sumNonNeg=1
  carryOut=0
  overflow=0

Binary:
    0111 1111 1111 1111 1111 1111 1111 1111
  + 0000 0000 0000 0000 0000 0000 0000 0000
 -------------------------------------------
    0111 1111 1111 1111 1111 1111 1111 1111


 --------------------------------------------------------------------------------------
Decimal:
     2147483647
  +  2147483647
 --------------
             -2
  aNonNeg=1, bNonNeg=1, sumNonNeg=0
  carryOut=0
  overflow=1

Binary:
    0111 1111 1111 1111 1111 1111 1111 1111
  + 1000 0000 0000 0000 0000 0000 0000 0001
 -------------------------------------------
    1111 1111 1111 1111 1111 1111 1111 1110


 --------------------------------------------------------------------------------------
Decimal:
    -2147483648
  +         500
 --------------
    -2147483148
  aNonNeg=0, bNonNeg=1, sumNonNeg=0
  carryOut=0
  overflow=0

Binary:
    1000 0000 0000 0000 0000 0000 0000 0000
  + 1111 1111 1111 1111 1111 1110 0000 1100
 -------------------------------------------
    1000 0000 0000 0000 0000 0001 1111 0100


 --------------------------------------------------------------------------------------
Decimal:
     2147483647
  + -2147483647
 --------------
              0
  aNonNeg=1, bNonNeg=0, sumNonNeg=1
  carryOut=1
  overflow=0

Binary:
    0111 1111 1111 1111 1111 1111 1111 1111
  + 0111 1111 1111 1111 1111 1111 1111 1111
 -------------------------------------------
    0000 0000 0000 0000 0000 0000 0000 0000


 --------------------------------------------------------------------------------------
Decimal:
             32
  +          64
 --------------
             96
  aNonNeg=1, bNonNeg=1, sumNonNeg=1
  carryOut=0
  overflow=0

Binary:
    0000 0000 0000 0000 0000 0000 0010 0000
  + 1111 1111 1111 1111 1111 1111 1100 0000
 -------------------------------------------
    0000 0000 0000 0000 0000 0000 0110 0000


 --------------------------------------------------------------------------------------
Decimal:
    -1073741824
  + -1073741824
 --------------
    -2147483648
  aNonNeg=0, bNonNeg=0, sumNonNeg=0
  carryOut=1
  overflow=0

Binary:
    1100 0000 0000 0000 0000 0000 0000 0000
  + 0100 0000 0000 0000 0000 0000 0000 0000
 -------------------------------------------
    1000 0000 0000 0000 0000 0000 0000 0000


 --------------------------------------------------------------------------------------
Decimal:
           3333
  +        2222
 --------------
           5555
  aNonNeg=1, bNonNeg=1, sumNonNeg=1
  carryOut=0
  overflow=0

Binary:
    0000 0000 0000 0000 0000 1101 0000 0101
  + 1111 1111 1111 1111 1111 0111 0101 0010
 -------------------------------------------
    0000 0000 0000 0000 0001 0101 1011 0011


 --------------------------------------------------------------------------------------
Decimal:
          -3333
  +        2222
 --------------
          -1111
  aNonNeg=0, bNonNeg=1, sumNonNeg=0
  carryOut=0
  overflow=0

Binary:
    1111 1111 1111 1111 1111 0010 1111 1011
  + 1111 1111 1111 1111 1111 0111 0101 0010
 -------------------------------------------
    1111 1111 1111 1111 1111 1011 1010 1001


 --------------------------------------------------------------------------------------
Decimal:
    -2147483648
  + -2147483648
 --------------
              0
  aNonNeg=0, bNonNeg=0, sumNonNeg=1
  carryOut=1
  overflow=1

Binary:
    1000 0000 0000 0000 0000 0000 0000 0000
  + 1000 0000 0000 0000 0000 0000 0000 0000
 -------------------------------------------
    0000 0000 0000 0000 0000 0000 0000 0000


 --------------------------------------------------------------------------------------
Decimal:
     2147483647
  + -2147483648
 --------------
             -1
  aNonNeg=1, bNonNeg=0, sumNonNeg=0
  carryOut=0
  overflow=0

Binary:
    0111 1111 1111 1111 1111 1111 1111 1111
  + 1000 0000 0000 0000 0000 0000 0000 0000
 -------------------------------------------
    1111 1111 1111 1111 1111 1111 1111 1111


 --------------------------------------------------------------------------------------
Decimal:
    -2147483648
  +  2147483647
 --------------
             -1
  aNonNeg=0, bNonNeg=1, sumNonNeg=0
  carryOut=0
  overflow=0

Binary:
    1000 0000 0000 0000 0000 0000 0000 0000
  + 1000 0000 0000 0000 0000 0000 0000 0001
 -------------------------------------------
    1111 1111 1111 1111 1111 1111 1111 1111


 --------------------------------------------------------------------------------------
Decimal:
         -32768
  +          -1
 --------------
         -32769
  aNonNeg=0, bNonNeg=0, sumNonNeg=0
  carryOut=1
  overflow=0

Binary:
    1111 1111 1111 1111 1000 0000 0000 0000
  + 0000 0000 0000 0000 0000 0000 0000 0001
 -------------------------------------------
    1111 1111 1111 1111 0111 1111 1111 1111


 --------------------------------------------------------------------------------------
Decimal:
     2147483647
  +          -2
 --------------
     2147483645
  aNonNeg=1, bNonNeg=0, sumNonNeg=1
  carryOut=1
  overflow=0

Binary:
    0111 1111 1111 1111 1111 1111 1111 1111
  + 0000 0000 0000 0000 0000 0000 0000 0010
 -------------------------------------------
    0111 1111 1111 1111 1111 1111 1111 1101


 --------------------------------------------------------------------------------------
Decimal:
     2147483647
  +          -1
 --------------
     2147483646
  aNonNeg=1, bNonNeg=0, sumNonNeg=1
  carryOut=1
  overflow=0

Binary:
    0111 1111 1111 1111 1111 1111 1111 1111
  + 0000 0000 0000 0000 0000 0000 0000 0001
 -------------------------------------------
    0111 1111 1111 1111 1111 1111 1111 1110


 --------------------------------------------------------------------------------------
Decimal:
     2147483647
  +          -3
 --------------
     2147483644
  aNonNeg=1, bNonNeg=0, sumNonNeg=1
  carryOut=1
  overflow=0

Binary:
    0111 1111 1111 1111 1111 1111 1111 1111
  + 0000 0000 0000 0000 0000 0000 0000 0011
 -------------------------------------------
    0111 1111 1111 1111 1111 1111 1111 1100


 --------------------------------------------------------------------------------------
Decimal:
             -3
  +           5
 --------------
              2
  aNonNeg=0, bNonNeg=1, sumNonNeg=1
  carryOut=1
  overflow=0

Binary:
    1111 1111 1111 1111 1111 1111 1111 1101
  + 1111 1111 1111 1111 1111 1111 1111 1011
 -------------------------------------------
    0000 0000 0000 0000 0000 0000 0000 0010


 --------------------------------------------------------------------------------------
Decimal:
            -69
  +          69
 --------------
              0
  aNonNeg=0, bNonNeg=1, sumNonNeg=1
  carryOut=1
  overflow=0

Binary:
    1111 1111 1111 1111 1111 1111 1011 1011
  + 1111 1111 1111 1111 1111 1111 1011 1011
 -------------------------------------------
    0000 0000 0000 0000 0000 0000 0000 0000


 --------------------------------------------------------------------------------------
Decimal:
              0
  +          10
 --------------
             10
  aNonNeg=1, bNonNeg=1, sumNonNeg=1
  carryOut=0
  overflow=0

Binary:
    0000 0000 0000 0000 0000 0000 0000 0000
  + 1111 1111 1111 1111 1111 1111 1111 0110
 -------------------------------------------
    0000 0000 0000 0000 0000 0000 0000 1010


 --------------------------------------------------------------------------------------
Decimal:
     2147483647
  +          -2
 --------------
     2147483645
  aNonNeg=1, bNonNeg=0, sumNonNeg=1
  carryOut=1
  overflow=0

Binary:
    0111 1111 1111 1111 1111 1111 1111 1111
  + 0000 0000 0000 0000 0000 0000 0000 0010
 -------------------------------------------
    0111 1111 1111 1111 1111 1111 1111 1101


 --------------------------------------------------------------------------------------
Decimal:
             -3
  + -2147483648
 --------------
     2147483645
  aNonNeg=0, bNonNeg=0, sumNonNeg=1
  carryOut=1
  overflow=1

Binary:
    1111 1111 1111 1111 1111 1111 1111 1101
  + 1000 0000 0000 0000 0000 0000 0000 0000
 -------------------------------------------
    0111 1111 1111 1111 1111 1111 1111 1101


 --------------------------------------------------------------------------------------
Decimal:
     2147483647
  +           1
 --------------
    -2147483648
  aNonNeg=1, bNonNeg=1, sumNonNeg=0
  carryOut=0
  overflow=1

Binary:
    0111 1111 1111 1111 1111 1111 1111 1111
  + 1111 1111 1111 1111 1111 1111 1111 1111
 -------------------------------------------
    1000 0000 0000 0000 0000 0000 0000 0000


 --------------------------------------------------------------------------------------
Decimal:
     2147483647
  -  2147483647
 --------------
              0
  aNonNeg=1, bNonNeg=1, sumNonNeg=1
  carryOut=1
  overflow=0

Binary:
    0111 1111 1111 1111 1111 1111 1111 1111
  + 1000 0000 0000 0000 0000 0000 0000 0001
 -------------------------------------------
    0000 0000 0000 0000 0000 0000 0000 0000


 --------------------------------------------------------------------------------------
Decimal:
     2147483647
  -           0
 --------------
     2147483647
  aNonNeg=1, bNonNeg=1, sumNonNeg=1
  carryOut=1
  overflow=0

Binary:
    0111 1111 1111 1111 1111 1111 1111 1111
  + 0000 0000 0000 0000 0000 0000 0000 0000
 -------------------------------------------
    0111 1111 1111 1111 1111 1111 1111 1111


 --------------------------------------------------------------------------------------
Decimal:
              0
  -  2147483647
 --------------
    -2147483647
  aNonNeg=1, bNonNeg=1, sumNonNeg=0
  carryOut=0
  overflow=0

Binary:
    0000 0000 0000 0000 0000 0000 0000 0000
  + 1000 0000 0000 0000 0000 0000 0000 0001
 -------------------------------------------
    1000 0000 0000 0000 0000 0000 0000 0001


 --------------------------------------------------------------------------------------
Decimal:
     2147483647
  -          -2
 --------------
    -2147483647
  aNonNeg=1, bNonNeg=0, sumNonNeg=0
  carryOut=0
  overflow=1

Binary:
    0111 1111 1111 1111 1111 1111 1111 1111
  + 0000 0000 0000 0000 0000 0000 0000 0010
 -------------------------------------------
    1000 0000 0000 0000 0000 0000 0000 0001


 --------------------------------------------------------------------------------------
Decimal:
             -3
  - -2147483648
 --------------
     2147483645
  aNonNeg=0, bNonNeg=0, sumNonNeg=1
  carryOut=1
  overflow=0

Binary:
    1111 1111 1111 1111 1111 1111 1111 1101
  + 1000 0000 0000 0000 0000 0000 0000 0000
 -------------------------------------------
    0111 1111 1111 1111 1111 1111 1111 1101


 --------------------------------------------------------------------------------------
Decimal:
     2147483647
  -           1
 --------------
     2147483646
  aNonNeg=1, bNonNeg=1, sumNonNeg=1
  carryOut=1
  overflow=0

Binary:
    0111 1111 1111 1111 1111 1111 1111 1111
  + 1111 1111 1111 1111 1111 1111 1111 1111
 -------------------------------------------
    0111 1111 1111 1111 1111 1111 1111 1110


 --------------------------------------------------------------------------------------
Decimal:
     2147483647
  -          -2
 --------------
    -2147483647
  aNonNeg=1, bNonNeg=0, sumNonNeg=0
  carryOut=0
  overflow=1

Binary:
    0111 1111 1111 1111 1111 1111 1111 1111
  + 0000 0000 0000 0000 0000 0000 0000 0010
 -------------------------------------------
    1000 0000 0000 0000 0000 0000 0000 0001


 --------------------------------------------------------------------------------------
Decimal:
     2147483647
  -          -1
 --------------
    -2147483648
  aNonNeg=1, bNonNeg=0, sumNonNeg=0
  carryOut=0
  overflow=1

Binary:
    0111 1111 1111 1111 1111 1111 1111 1111
  + 0000 0000 0000 0000 0000 0000 0000 0001
 -------------------------------------------
    1000 0000 0000 0000 0000 0000 0000 0000


 --------------------------------------------------------------------------------------
Decimal:
     2147483647
  -          -3
 --------------
    -2147483646
  aNonNeg=1, bNonNeg=0, sumNonNeg=0
  carryOut=0
  overflow=1

Binary:
    0111 1111 1111 1111 1111 1111 1111 1111
  + 0000 0000 0000 0000 0000 0000 0000 0011
 -------------------------------------------
    1000 0000 0000 0000 0000 0000 0000 0010


 --------------------------------------------------------------------------------------
Decimal:
    -2147483648
  -          -1
 --------------
    -2147483647
  aNonNeg=0, bNonNeg=0, sumNonNeg=0
  carryOut=0
  overflow=0

Binary:
    1000 0000 0000 0000 0000 0000 0000 0000
  + 0000 0000 0000 0000 0000 0000 0000 0001
 -------------------------------------------
    1000 0000 0000 0000 0000 0000 0000 0001


 --------------------------------------------------------------------------------------
Decimal:
    -2147483648
  -  2147483647
 --------------
              1
  aNonNeg=0, bNonNeg=1, sumNonNeg=1
  carryOut=1
  overflow=1

Binary:
    1000 0000 0000 0000 0000 0000 0000 0000
  + 1000 0000 0000 0000 0000 0000 0000 0001
 -------------------------------------------
    0000 0000 0000 0000 0000 0000 0000 0001


 --------------------------------------------------------------------------------------
Decimal:
              1
  -           1
 --------------
              0
  aNonNeg=1, bNonNeg=1, sumNonNeg=1
  carryOut=1
  overflow=0

Binary:
    0000 0000 0000 0000 0000 0000 0000 0001
  + 1111 1111 1111 1111 1111 1111 1111 1111
 -------------------------------------------
    0000 0000 0000 0000 0000 0000 0000 0000


 --------------------------------------------------------------------------------------
Decimal:
              0
  -           0
 --------------
              0
  aNonNeg=1, bNonNeg=1, sumNonNeg=1
  carryOut=1
  overflow=0

Binary:
    0000 0000 0000 0000 0000 0000 0000 0000
  + 0000 0000 0000 0000 0000 0000 0000 0000
 -------------------------------------------
    0000 0000 0000 0000 0000 0000 0000 0000


 --------------------------------------------------------------------------------------
Decimal:
             -5
  -           5
 --------------
            -10
  aNonNeg=0, bNonNeg=1, sumNonNeg=0
  carryOut=1
  overflow=0

Binary:
    1111 1111 1111 1111 1111 1111 1111 1011
  + 1111 1111 1111 1111 1111 1111 1111 1011
 -------------------------------------------
    1111 1111 1111 1111 1111 1111 1111 0110


 --------------------------------------------------------------------------------------
Decimal:
             -1
  -           4
 --------------
             -5
  aNonNeg=0, bNonNeg=1, sumNonNeg=0
  carryOut=1
  overflow=0

Binary:
    1111 1111 1111 1111 1111 1111 1111 1111
  + 1111 1111 1111 1111 1111 1111 1111 1100
 -------------------------------------------
    1111 1111 1111 1111 1111 1111 1111 1011


 --------------------------------------------------------------------------------------
Decimal:
              1
  -       -1999
 --------------
           2000
  aNonNeg=1, bNonNeg=0, sumNonNeg=1
  carryOut=0
  overflow=0

Binary:
    0000 0000 0000 0000 0000 0000 0000 0001
  + 0000 0000 0000 0000 0000 0111 1100 1111
 -------------------------------------------
    0000 0000 0000 0000 0000 0111 1101 0000


 --------------------------------------------------------------------------------------
Decimal:
              0
  - -2147483648
 --------------
    -2147483648
  aNonNeg=1, bNonNeg=0, sumNonNeg=0
  carryOut=0
  overflow=1

Binary:
    0000 0000 0000 0000 0000 0000 0000 0000
  + 1000 0000 0000 0000 0000 0000 0000 0000
 -------------------------------------------
    1000 0000 0000 0000 0000 0000 0000 0000


 --------------------------------------------------------------------------------------
Decimal:
          55555
  -       55555
 --------------
              0
  aNonNeg=1, bNonNeg=1, sumNonNeg=1
  carryOut=1
  overflow=0

Binary:
    0000 0000 0000 0000 1101 1001 0000 0011
  + 1111 1111 1111 1111 0010 0110 1111 1101
 -------------------------------------------
    0000 0000 0000 0000 0000 0000 0000 0000


 --------------------------------------------------------------------------------------
Decimal:
          55555
  -         -69
 --------------
          55624
  aNonNeg=1, bNonNeg=0, sumNonNeg=1
  carryOut=0
  overflow=0

Binary:
    0000 0000 0000 0000 1101 1001 0000 0011
  + 0000 0000 0000 0000 0000 0000 0100 0101
 -------------------------------------------
    0000 0000 0000 0000 1101 1001 0100 1000


 --------------------------------------------------------------------------------------
Decimal:
         -55555
  -          69
 --------------
         -55624
  aNonNeg=0, bNonNeg=1, sumNonNeg=0
  carryOut=1
  overflow=0

Binary:
    1111 1111 1111 1111 0010 0110 1111 1101
  + 1111 1111 1111 1111 1111 1111 1011 1011
 -------------------------------------------
    1111 1111 1111 1111 0010 0110 1011 1000


 --------------------------------------------------------------------------------------
Decimal:
          55555
  -      666666
 --------------
        -611111
  aNonNeg=1, bNonNeg=1, sumNonNeg=0
  carryOut=0
  overflow=0

Binary:
    0000 0000 0000 0000 1101 1001 0000 0011
  + 1111 1111 1111 0101 1101 0011 1101 0110
 -------------------------------------------
    1111 1111 1111 0110 1010 1100 1101 1001


 --------------------------------------------------------------------------------------
