Decimal:
     -268435456
  -  2147483647
 --------------
     1879048193
  aNonNeg=0, bNonNeg=1, sumNonNeg=1
  carryOut=1
  overflow=1

Binary:
    1111 0000 0000 0000 0000 0000 0000 0000
  - 0111 1111 1111 1111 1111 1111 1111 1111
 -------------------------------------------
    0111 0000 0000 0000 0000 0000 0000 0001
