Decimal:
       16776354
  +    11400617
 --------------
       28176971
  aNonNeg=1, bNonNeg=1, sumNonNeg=1
  carryOut=0
  overflow=0

Binary:
    0000 0000 1111 1111 1111 1100 1010 0010
  + 0000 0000 1010 1101 1111 0101 1010 1001
 -------------------------------------------
    0000 0001 1010 1101 1111 0010 0100 1011
