Decimal:
      267409154
  - -2147418368
 --------------
    -1880139774
  aNonNeg=1, bNonNeg=0, sumNonNeg=0
  carryOut=0
  overflow=1

Binary:
    0000 1111 1111 0000 0101 0111 0000 0010
  - 1000 0000 0000 0000 1111 1111 0000 0000
 -------------------------------------------
    1000 1111 1110 1111 0101 1000 0000 0010
