Decimal:
    -2147483647
  - -2147483648
 --------------
              1
  aNonNeg=0, bNonNeg=0, sumNonNeg=1
  carryOut=1
  overflow=0

Binary:
    1000 0000 0000 0000 0000 0000 0000 0001
  - 1000 0000 0000 0000 0000 0000 0000 0000
 -------------------------------------------
    0000 0000 0000 0000 0000 0000 0000 0001
