Decimal:
     2147483647
  +           4
 --------------
    -2147483645
  aNonNeg=1, bNonNeg=1, sumNonNeg=0
  carryOut=0
  overflow=1

Binary:
    0111 1111 1111 1111 1111 1111 1111 1111
  + 0000 0000 0000 0000 0000 0000 0000 0100
 -------------------------------------------
    1000 0000 0000 0000 0000 0000 0000 0011
