  11110100001010110100010000110000
+ 11101001110110001000000110010000
----------------------------------
  11011110000000111100010111000000

  carryOut = 1
  overflow = 0

Decimal===========================
  -198491088
+ -371687024
----------------------------------
  -570178112
