Decimal:
       16776354
  +           4
 --------------
       16776358
  aNonNeg=1, bNonNeg=1, sumNonNeg=1
  carryOut=0
  overflow=0

Binary:
    0000 0000 1111 1111 1111 1100 1010 0010
  + 0000 0000 0000 0000 0000 0000 0000 0100
 -------------------------------------------
    0000 0000 1111 1111 1111 1100 1010 0110
